[0.018s] Invoking command in '/home/shouviks/shouvik/Day5/demo_ws/src/build/demo_robot': CMAKE_PREFIX_PATH=/opt/ros/humble /usr/bin/cmake /home/shouviks/shouvik/Day5/demo_ws/src/demo_robot -DAMENT_CMAKE_SYMLINK_INSTALL=1 -DCMAKE_INSTALL_PREFIX=/home/shouviks/shouvik/Day5/demo_ws/src/install/demo_robot
[0.339s] -- The C compiler identification is GNU 11.4.0
[1.196s] -- The CXX compiler identification is GNU 11.4.0
[1.813s] -- Detecting C compiler ABI info
[2.042s] -- Detecting C compiler ABI info - done
[2.048s] -- Check for working C compiler: /usr/bin/cc - skipped
[2.049s] -- Detecting C compile features
[2.050s] -- Detecting C compile features - done
[2.054s] -- Detecting CXX compiler ABI info
[2.280s] -- Detecting CXX compiler ABI info - done
[2.286s] -- Check for working CXX compiler: /usr/bin/c++ - skipped
[2.286s] -- Detecting CXX compile features
[2.287s] -- Detecting CXX compile features - done
[2.296s] -- Found ament_cmake: 1.3.12 (/opt/ros/humble/share/ament_cmake/cmake)
[2.442s] -- Found Python3: /usr/bin/python3 (found version "3.10.12") found components: Interpreter 
[2.512s] -- Override CMake install command with custom implementation using symlinks instead of copying resources
[2.556s] -- Found tf2_ros: 0.25.16 (/opt/ros/humble/share/tf2_ros/cmake)
[2.801s] -- Found rosidl_generator_c: 3.1.7 (/opt/ros/humble/share/rosidl_generator_c/cmake)
[2.807s] -- Found rosidl_adapter: 3.1.7 (/opt/ros/humble/share/rosidl_adapter/cmake)
[2.820s] -- Found rosidl_generator_cpp: 3.1.7 (/opt/ros/humble/share/rosidl_generator_cpp/cmake)
[2.839s] -- Using all available rosidl_typesupport_c: rosidl_typesupport_fastrtps_c;rosidl_typesupport_introspection_c
[2.862s] -- Using all available rosidl_typesupport_cpp: rosidl_typesupport_fastrtps_cpp;rosidl_typesupport_introspection_cpp
[2.977s] -- Found rmw_implementation_cmake: 6.1.2 (/opt/ros/humble/share/rmw_implementation_cmake/cmake)
[2.982s] -- Found rmw_fastrtps_cpp: 6.2.8 (/opt/ros/humble/share/rmw_fastrtps_cpp/cmake)
[4.967s] -- Found OpenSSL: /usr/lib/x86_64-linux-gnu/libcrypto.so (found version "3.0.2")  
[7.283s] -- Found FastRTPS: /opt/ros/humble/include  
[11.218s] -- Using RMW implementation 'rmw_fastrtps_cpp' as default
[11.231s] -- Looking for pthread.h
[11.462s] -- Looking for pthread.h - found
[11.462s] -- Performing Test CMAKE_HAVE_LIBC_PTHREAD
[11.689s] -- Performing Test CMAKE_HAVE_LIBC_PTHREAD - Success
[11.690s] -- Found Threads: TRUE  
[11.871s] -- Found tf2_geometry_msgs: 0.25.16 (/opt/ros/humble/share/tf2_geometry_msgs/cmake)
[11.955s] -- Found eigen3_cmake_module: 0.1.1 (/opt/ros/humble/share/eigen3_cmake_module/cmake)
[11.957s] -- Found Eigen3: TRUE (found version "3.4.0") 
[11.957s] -- Ensuring Eigen3 include directory is part of orocos-kdl CMake target
[11.962s] -- Found ament_lint_auto: 0.12.14 (/opt/ros/humble/share/ament_lint_auto/cmake)
[12.055s] -- Added test 'cppcheck' to perform static code analysis on C / C++ code
[12.055s] -- Configured cppcheck include dirs: 
[12.055s] -- Configured cppcheck exclude dirs and/or files: 
[12.056s] -- Added test 'flake8' to check Python code syntax and style conventions
[12.058s] -- Added test 'lint_cmake' to check CMake code style
[12.059s] -- Added test 'pep257' to check Python code against some of the docstring style conventions in PEP 257
[12.064s] -- Added test 'uncrustify' to check C / C++ code style
[12.064s] -- Configured uncrustify additional arguments: 
[12.066s] -- Added test 'xmllint' to check XML markup files
[12.068s] -- Configuring done
[12.092s] -- Generating done
[12.098s] -- Build files have been written to: /home/shouviks/shouvik/Day5/demo_ws/src/build/demo_robot
[12.112s] Invoked command in '/home/shouviks/shouvik/Day5/demo_ws/src/build/demo_robot' returned '0': CMAKE_PREFIX_PATH=/opt/ros/humble /usr/bin/cmake /home/shouviks/shouvik/Day5/demo_ws/src/demo_robot -DAMENT_CMAKE_SYMLINK_INSTALL=1 -DCMAKE_INSTALL_PREFIX=/home/shouviks/shouvik/Day5/demo_ws/src/install/demo_robot
[12.113s] Invoking command in '/home/shouviks/shouvik/Day5/demo_ws/src/build/demo_robot': CMAKE_PREFIX_PATH=/opt/ros/humble /usr/bin/cmake --build /home/shouviks/shouvik/Day5/demo_ws/src/build/demo_robot -- -j16 -l16
[12.176s] [ 50%] [32mBuilding CXX object CMakeFiles/test_tf1.dir/src/test1.cpp.o[0m
[12.176s] [ 50%] [32mBuilding CXX object CMakeFiles/test_tf2.dir/src/test2.cpp.o[0m
[17.044s] [100%] [32m[1mLinking CXX executable test_tf1[0m
[17.044s] [100%] [32m[1mLinking CXX executable test_tf2[0m
[17.436s] [100%] Built target test_tf2
[17.437s] [100%] Built target test_tf1
[17.451s] Invoked command in '/home/shouviks/shouvik/Day5/demo_ws/src/build/demo_robot' returned '0': CMAKE_PREFIX_PATH=/opt/ros/humble /usr/bin/cmake --build /home/shouviks/shouvik/Day5/demo_ws/src/build/demo_robot -- -j16 -l16
[17.462s] Invoking command in '/home/shouviks/shouvik/Day5/demo_ws/src/build/demo_robot': CMAKE_PREFIX_PATH=/opt/ros/humble /usr/bin/cmake --install /home/shouviks/shouvik/Day5/demo_ws/src/build/demo_robot
[17.470s] -- Install configuration: ""
[17.470s] -- Execute custom install script
[17.472s] -- Symlinking: /home/shouviks/shouvik/Day5/demo_ws/src/install/demo_robot/lib/demo_robot/test_tf1
[17.483s] -- Symlinking: /home/shouviks/shouvik/Day5/demo_ws/src/install/demo_robot/lib/demo_robot/test_tf2
[17.495s] [33mCMake Warning (dev) at ament_cmake_symlink_install/ament_cmake_symlink_install.cmake:62 (file):
[17.495s]   Policy CMP0009 is not set: FILE GLOB_RECURSE calls should not follow
[17.495s]   symlinks by default.  Run "cmake --help-policy CMP0009" for policy details.
[17.495s]   Use the cmake_policy command to set the policy and suppress this warning.
[17.495s] Call Stack (most recent call first):
[17.495s]   ament_cmake_symlink_install/ament_cmake_symlink_install.cmake:320 (ament_cmake_symlink_install_directory)
[17.495s]   cmake_install.cmake:46 (include)
[17.495s] This warning is for project developers.  Use -Wno-dev to suppress it.
[17.495s] [0m
[17.495s] -- Symlinking: /home/shouviks/shouvik/Day5/demo_ws/src/install/demo_robot/share/demo_robot/launch/build/.built_by
[17.506s] -- Symlinking: /home/shouviks/shouvik/Day5/demo_ws/src/install/demo_robot/share/demo_robot/launch/build/COLCON_IGNORE
[17.518s] -- Symlinking: /home/shouviks/shouvik/Day5/demo_ws/src/install/demo_robot/share/demo_robot/launch/display.launch.py
[17.529s] -- Symlinking: /home/shouviks/shouvik/Day5/demo_ws/src/install/demo_robot/share/demo_robot/launch/install/.colcon_install_layout
[17.539s] -- Symlinking: /home/shouviks/shouvik/Day5/demo_ws/src/install/demo_robot/share/demo_robot/launch/install/COLCON_IGNORE
[17.550s] -- Symlinking: /home/shouviks/shouvik/Day5/demo_ws/src/install/demo_robot/share/demo_robot/launch/install/_local_setup_util_ps1.py
[17.560s] -- Symlinking: /home/shouviks/shouvik/Day5/demo_ws/src/install/demo_robot/share/demo_robot/launch/install/_local_setup_util_sh.py
[17.570s] -- Symlinking: /home/shouviks/shouvik/Day5/demo_ws/src/install/demo_robot/share/demo_robot/launch/install/local_setup.bash
[17.581s] -- Symlinking: /home/shouviks/shouvik/Day5/demo_ws/src/install/demo_robot/share/demo_robot/launch/install/local_setup.ps1
[17.591s] -- Symlinking: /home/shouviks/shouvik/Day5/demo_ws/src/install/demo_robot/share/demo_robot/launch/install/local_setup.sh
[17.601s] -- Symlinking: /home/shouviks/shouvik/Day5/demo_ws/src/install/demo_robot/share/demo_robot/launch/install/local_setup.zsh
[17.612s] -- Symlinking: /home/shouviks/shouvik/Day5/demo_ws/src/install/demo_robot/share/demo_robot/launch/install/setup.bash
[17.623s] -- Symlinking: /home/shouviks/shouvik/Day5/demo_ws/src/install/demo_robot/share/demo_robot/launch/install/setup.ps1
[17.632s] -- Symlinking: /home/shouviks/shouvik/Day5/demo_ws/src/install/demo_robot/share/demo_robot/launch/install/setup.sh
[17.647s] -- Symlinking: /home/shouviks/shouvik/Day5/demo_ws/src/install/demo_robot/share/demo_robot/launch/install/setup.zsh
[17.659s] -- Symlinking: /home/shouviks/shouvik/Day5/demo_ws/src/install/demo_robot/share/demo_robot/launch/log/COLCON_IGNORE
[17.670s] -- Symlinking: /home/shouviks/shouvik/Day5/demo_ws/src/install/demo_robot/share/demo_robot/launch/log/build_2025-10-10_11-55-20/events.log
[17.680s] -- Symlinking: /home/shouviks/shouvik/Day5/demo_ws/src/install/demo_robot/share/demo_robot/launch/log/build_2025-10-10_11-55-20/logger_all.log
[17.692s] -- Symlinking: /home/shouviks/shouvik/Day5/demo_ws/src/install/demo_robot/share/demo_robot/launch/log/latest/events.log
[17.703s] -- Symlinking: /home/shouviks/shouvik/Day5/demo_ws/src/install/demo_robot/share/demo_robot/launch/log/latest/logger_all.log
[17.713s] -- Symlinking: /home/shouviks/shouvik/Day5/demo_ws/src/install/demo_robot/share/demo_robot/launch/log/latest_build/events.log
[17.724s] -- Symlinking: /home/shouviks/shouvik/Day5/demo_ws/src/install/demo_robot/share/demo_robot/launch/log/latest_build/logger_all.log
[17.735s] -- Symlinking: /home/shouviks/shouvik/Day5/demo_ws/src/install/demo_robot/share/demo_robot/urdf/model.urdf
[17.748s] -- Symlinking: /home/shouviks/shouvik/Day5/demo_ws/src/install/demo_robot/share/ament_index/resource_index/package_run_dependencies/demo_robot
[17.759s] -- Symlinking: /home/shouviks/shouvik/Day5/demo_ws/src/install/demo_robot/share/ament_index/resource_index/parent_prefix_path/demo_robot
[17.771s] -- Symlinking: /home/shouviks/shouvik/Day5/demo_ws/src/install/demo_robot/share/demo_robot/environment/ament_prefix_path.sh
[17.781s] -- Symlinking: /home/shouviks/shouvik/Day5/demo_ws/src/install/demo_robot/share/demo_robot/environment/ament_prefix_path.dsv
[17.792s] -- Symlinking: /home/shouviks/shouvik/Day5/demo_ws/src/install/demo_robot/share/demo_robot/environment/path.sh
[17.803s] -- Symlinking: /home/shouviks/shouvik/Day5/demo_ws/src/install/demo_robot/share/demo_robot/environment/path.dsv
[17.814s] -- Symlinking: /home/shouviks/shouvik/Day5/demo_ws/src/install/demo_robot/share/demo_robot/local_setup.bash
[17.824s] -- Symlinking: /home/shouviks/shouvik/Day5/demo_ws/src/install/demo_robot/share/demo_robot/local_setup.sh
[17.835s] -- Symlinking: /home/shouviks/shouvik/Day5/demo_ws/src/install/demo_robot/share/demo_robot/local_setup.zsh
[17.846s] -- Symlinking: /home/shouviks/shouvik/Day5/demo_ws/src/install/demo_robot/share/demo_robot/local_setup.dsv
[17.856s] -- Symlinking: /home/shouviks/shouvik/Day5/demo_ws/src/install/demo_robot/share/demo_robot/package.dsv
[17.867s] -- Symlinking: /home/shouviks/shouvik/Day5/demo_ws/src/install/demo_robot/share/ament_index/resource_index/packages/demo_robot
[17.879s] -- Symlinking: /home/shouviks/shouvik/Day5/demo_ws/src/install/demo_robot/share/demo_robot/cmake/demo_robotConfig.cmake
[17.889s] -- Symlinking: /home/shouviks/shouvik/Day5/demo_ws/src/install/demo_robot/share/demo_robot/cmake/demo_robotConfig-version.cmake
[17.900s] -- Symlinking: /home/shouviks/shouvik/Day5/demo_ws/src/install/demo_robot/share/demo_robot/package.xml
[17.915s] Invoked command in '/home/shouviks/shouvik/Day5/demo_ws/src/build/demo_robot' returned '0': CMAKE_PREFIX_PATH=/opt/ros/humble /usr/bin/cmake --install /home/shouviks/shouvik/Day5/demo_ws/src/build/demo_robot
