[1.206s] DEBUG:colcon:Command line arguments: ['/usr/bin/colcon', 'build']
[1.206s] DEBUG:colcon:Parsed command line arguments: Namespace(log_base=None, log_level=None, verb_name='build', build_base='build', install_base='install', merge_install=False, symlink_install=False, test_result_base=None, continue_on_error=False, executor='parallel', parallel_workers=16, event_handlers=None, ignore_user_meta=False, metas=['./colcon.meta'], base_paths=['.'], packages_ignore=None, packages_ignore_regex=None, paths=None, packages_up_to=None, packages_up_to_regex=None, packages_above=None, packages_above_and_dependencies=None, packages_above_depth=None, packages_select_by_dep=None, packages_skip_by_dep=None, packages_skip_up_to=None, packages_select_build_failed=False, packages_skip_build_finished=False, packages_select_test_failures=False, packages_skip_test_passed=False, packages_select=None, packages_skip=None, packages_select_regex=None, packages_skip_regex=None, packages_start=None, packages_end=None, allow_overriding=[], cmake_args=None, cmake_target=None, cmake_target_skip_unavailable=False, cmake_clean_cache=False, cmake_clean_first=False, cmake_force_configure=False, ament_cmake_args=None, catkin_cmake_args=None, catkin_skip_building_tests=False, mixin_files=None, mixin=None, verb_parser=<colcon_mixin.mixin.mixin_argument.MixinArgumentDecorator object at 0x7a959dfdd180>, verb_extension=<colcon_core.verb.build.BuildVerb object at 0x7a959dfdcbb0>, main=<bound method BuildVerb.main of <colcon_core.verb.build.BuildVerb object at 0x7a959dfdcbb0>>, mixin_verb=('build',))
[2.098s] Level 1:colcon.colcon_core.package_discovery:discover_packages(colcon_meta) check parameters
[2.099s] Level 1:colcon.colcon_core.package_discovery:discover_packages(recursive) check parameters
[2.099s] Level 1:colcon.colcon_core.package_discovery:discover_packages(ignore) check parameters
[2.099s] Level 1:colcon.colcon_core.package_discovery:discover_packages(path) check parameters
[2.099s] Level 1:colcon.colcon_core.package_discovery:discover_packages(colcon_meta) discover
[2.099s] Level 1:colcon.colcon_core.package_discovery:discover_packages(recursive) discover
[2.099s] INFO:colcon.colcon_core.package_discovery:Crawling recursively for packages in '/home/shouviks/shouvik/19092025_urdf/ws_humble_urdf'
[2.100s] Level 1:colcon.colcon_core.package_identification:_identify(.) by extensions ['ignore', 'ignore_ament_install']
[2.101s] Level 1:colcon.colcon_core.package_identification:_identify(.) by extension 'ignore'
[2.101s] Level 1:colcon.colcon_core.package_identification:_identify(.) by extension 'ignore_ament_install'
[2.101s] Level 1:colcon.colcon_core.package_identification:_identify(.) by extensions ['colcon_pkg']
[2.101s] Level 1:colcon.colcon_core.package_identification:_identify(.) by extension 'colcon_pkg'
[2.101s] Level 1:colcon.colcon_core.package_identification:_identify(.) by extensions ['colcon_meta']
[2.101s] Level 1:colcon.colcon_core.package_identification:_identify(.) by extension 'colcon_meta'
[2.101s] Level 1:colcon.colcon_core.package_identification:_identify(.) by extensions ['ros']
[2.101s] Level 1:colcon.colcon_core.package_identification:_identify(.) by extension 'ros'
[2.140s] Level 1:colcon.colcon_core.package_identification:_identify(.) by extensions ['cmake', 'python']
[2.140s] Level 1:colcon.colcon_core.package_identification:_identify(.) by extension 'cmake'
[2.140s] Level 1:colcon.colcon_core.package_identification:_identify(.) by extension 'python'
[2.140s] Level 1:colcon.colcon_core.package_identification:_identify(.) by extensions ['python_setup_py']
[2.140s] Level 1:colcon.colcon_core.package_identification:_identify(.) by extension 'python_setup_py'
[2.141s] Level 1:colcon.colcon_core.package_identification:_identify(build) by extensions ['ignore', 'ignore_ament_install']
[2.142s] Level 1:colcon.colcon_core.package_identification:_identify(build) by extension 'ignore'
[2.142s] Level 1:colcon.colcon_core.package_identification:_identify(build) ignored
[2.143s] Level 1:colcon.colcon_core.package_identification:_identify(install) by extensions ['ignore', 'ignore_ament_install']
[2.143s] Level 1:colcon.colcon_core.package_identification:_identify(install) by extension 'ignore'
[2.143s] Level 1:colcon.colcon_core.package_identification:_identify(install) ignored
[2.143s] Level 1:colcon.colcon_core.package_identification:_identify(log) by extensions ['ignore', 'ignore_ament_install']
[2.144s] Level 1:colcon.colcon_core.package_identification:_identify(log) by extension 'ignore'
[2.144s] Level 1:colcon.colcon_core.package_identification:_identify(log) ignored
[2.144s] Level 1:colcon.colcon_core.package_identification:_identify(src) by extensions ['ignore', 'ignore_ament_install']
[2.145s] Level 1:colcon.colcon_core.package_identification:_identify(src) by extension 'ignore'
[2.145s] Level 1:colcon.colcon_core.package_identification:_identify(src) by extension 'ignore_ament_install'
[2.145s] Level 1:colcon.colcon_core.package_identification:_identify(src) by extensions ['colcon_pkg']
[2.145s] Level 1:colcon.colcon_core.package_identification:_identify(src) by extension 'colcon_pkg'
[2.145s] Level 1:colcon.colcon_core.package_identification:_identify(src) by extensions ['colcon_meta']
[2.145s] Level 1:colcon.colcon_core.package_identification:_identify(src) by extension 'colcon_meta'
[2.145s] Level 1:colcon.colcon_core.package_identification:_identify(src) by extensions ['ros']
[2.145s] Level 1:colcon.colcon_core.package_identification:_identify(src) by extension 'ros'
[2.146s] Level 1:colcon.colcon_core.package_identification:_identify(src) by extensions ['cmake', 'python']
[2.146s] Level 1:colcon.colcon_core.package_identification:_identify(src) by extension 'cmake'
[2.146s] Level 1:colcon.colcon_core.package_identification:_identify(src) by extension 'python'
[2.146s] Level 1:colcon.colcon_core.package_identification:_identify(src) by extensions ['python_setup_py']
[2.146s] Level 1:colcon.colcon_core.package_identification:_identify(src) by extension 'python_setup_py'
[2.146s] Level 1:colcon.colcon_core.package_identification:_identify(src/urdf_humble_test) by extensions ['ignore', 'ignore_ament_install']
[2.146s] Level 1:colcon.colcon_core.package_identification:_identify(src/urdf_humble_test) by extension 'ignore'
[2.146s] Level 1:colcon.colcon_core.package_identification:_identify(src/urdf_humble_test) by extension 'ignore_ament_install'
[2.147s] Level 1:colcon.colcon_core.package_identification:_identify(src/urdf_humble_test) by extensions ['colcon_pkg']
[2.147s] Level 1:colcon.colcon_core.package_identification:_identify(src/urdf_humble_test) by extension 'colcon_pkg'
[2.147s] Level 1:colcon.colcon_core.package_identification:_identify(src/urdf_humble_test) by extensions ['colcon_meta']
[2.147s] Level 1:colcon.colcon_core.package_identification:_identify(src/urdf_humble_test) by extension 'colcon_meta'
[2.147s] Level 1:colcon.colcon_core.package_identification:_identify(src/urdf_humble_test) by extensions ['ros']
[2.147s] Level 1:colcon.colcon_core.package_identification:_identify(src/urdf_humble_test) by extension 'ros'
[2.158s] DEBUG:colcon.colcon_core.package_identification:Package 'src/urdf_humble_test' with type 'ros.ament_cmake' and name 'urdf_humble_test'
[2.159s] Level 1:colcon.colcon_core.package_discovery:discover_packages(recursive) using defaults
[2.159s] Level 1:colcon.colcon_core.package_discovery:discover_packages(ignore) discover
[2.159s] Level 1:colcon.colcon_core.package_discovery:discover_packages(ignore) using defaults
[2.159s] Level 1:colcon.colcon_core.package_discovery:discover_packages(path) discover
[2.159s] Level 1:colcon.colcon_core.package_discovery:discover_packages(path) using defaults
[2.258s] Level 1:colcon.colcon_core.package_discovery:discover_packages(prefix_path) check parameters
[2.258s] Level 1:colcon.colcon_core.package_discovery:discover_packages(prefix_path) discover
[2.274s] DEBUG:colcon.colcon_installed_package_information.package_discovery:Found 271 installed packages in /opt/ros/humble
[2.277s] Level 1:colcon.colcon_core.package_discovery:discover_packages(prefix_path) using defaults
[2.507s] Level 5:colcon.colcon_core.verb:set package 'urdf_humble_test' build argument 'cmake_args' from command line to 'None'
[2.507s] Level 5:colcon.colcon_core.verb:set package 'urdf_humble_test' build argument 'cmake_target' from command line to 'None'
[2.507s] Level 5:colcon.colcon_core.verb:set package 'urdf_humble_test' build argument 'cmake_target_skip_unavailable' from command line to 'False'
[2.507s] Level 5:colcon.colcon_core.verb:set package 'urdf_humble_test' build argument 'cmake_clean_cache' from command line to 'False'
[2.507s] Level 5:colcon.colcon_core.verb:set package 'urdf_humble_test' build argument 'cmake_clean_first' from command line to 'False'
[2.507s] Level 5:colcon.colcon_core.verb:set package 'urdf_humble_test' build argument 'cmake_force_configure' from command line to 'False'
[2.507s] Level 5:colcon.colcon_core.verb:set package 'urdf_humble_test' build argument 'ament_cmake_args' from command line to 'None'
[2.507s] Level 5:colcon.colcon_core.verb:set package 'urdf_humble_test' build argument 'catkin_cmake_args' from command line to 'None'
[2.507s] Level 5:colcon.colcon_core.verb:set package 'urdf_humble_test' build argument 'catkin_skip_building_tests' from command line to 'False'
[2.507s] DEBUG:colcon.colcon_core.verb:Building package 'urdf_humble_test' with the following arguments: {'ament_cmake_args': None, 'build_base': '/home/shouviks/shouvik/19092025_urdf/ws_humble_urdf/build/urdf_humble_test', 'catkin_cmake_args': None, 'catkin_skip_building_tests': False, 'cmake_args': None, 'cmake_clean_cache': False, 'cmake_clean_first': False, 'cmake_force_configure': False, 'cmake_target': None, 'cmake_target_skip_unavailable': False, 'install_base': '/home/shouviks/shouvik/19092025_urdf/ws_humble_urdf/install/urdf_humble_test', 'merge_install': False, 'path': '/home/shouviks/shouvik/19092025_urdf/ws_humble_urdf/src/urdf_humble_test', 'symlink_install': False, 'test_result_base': None}
[2.508s] INFO:colcon.colcon_core.executor:Executing jobs using 'parallel' executor
[2.510s] DEBUG:colcon.colcon_parallel_executor.executor.parallel:run_until_complete
[2.511s] INFO:colcon.colcon_ros.task.ament_cmake.build:Building ROS package in '/home/shouviks/shouvik/19092025_urdf/ws_humble_urdf/src/urdf_humble_test' with build type 'ament_cmake'
[2.511s] INFO:colcon.colcon_cmake.task.cmake.build:Building CMake package in '/home/shouviks/shouvik/19092025_urdf/ws_humble_urdf/src/urdf_humble_test'
[2.530s] INFO:colcon.colcon_core.plugin_system:Skipping extension 'colcon_core.shell.bat': Not used on non-Windows systems
[2.530s] INFO:colcon.colcon_core.shell:Skip shell extension 'powershell' for command environment: Not usable outside of PowerShell
[2.530s] DEBUG:colcon.colcon_core.shell:Skip shell extension 'dsv' for command environment
[2.571s] DEBUG:colcon.colcon_core.event_handler.log_command:Invoking command in '/home/shouviks/shouvik/19092025_urdf/ws_humble_urdf/build/urdf_humble_test': CMAKE_PREFIX_PATH=/opt/ros/humble /usr/bin/cmake --build /home/shouviks/shouvik/19092025_urdf/ws_humble_urdf/build/urdf_humble_test -- -j16 -l16
[3.529s] DEBUG:colcon.colcon_core.event_handler.log_command:Invoked command in '/home/shouviks/shouvik/19092025_urdf/ws_humble_urdf/build/urdf_humble_test' returned '0': CMAKE_PREFIX_PATH=/opt/ros/humble /usr/bin/cmake --build /home/shouviks/shouvik/19092025_urdf/ws_humble_urdf/build/urdf_humble_test -- -j16 -l16
[3.557s] DEBUG:colcon.colcon_core.event_handler.log_command:Invoking command in '/home/shouviks/shouvik/19092025_urdf/ws_humble_urdf/build/urdf_humble_test': CMAKE_PREFIX_PATH=/opt/ros/humble /usr/bin/cmake --install /home/shouviks/shouvik/19092025_urdf/ws_humble_urdf/build/urdf_humble_test
[3.597s] Level 1:colcon.colcon_core.environment:create_environment_scripts_only(urdf_humble_test)
[3.599s] DEBUG:colcon.colcon_core.event_handler.log_command:Invoked command in '/home/shouviks/shouvik/19092025_urdf/ws_humble_urdf/build/urdf_humble_test' returned '0': CMAKE_PREFIX_PATH=/opt/ros/humble /usr/bin/cmake --install /home/shouviks/shouvik/19092025_urdf/ws_humble_urdf/build/urdf_humble_test
[3.616s] Level 1:colcon.colcon_core.environment:checking '/home/shouviks/shouvik/19092025_urdf/ws_humble_urdf/install/urdf_humble_test' for CMake module files
[3.618s] Level 1:colcon.colcon_core.environment:checking '/home/shouviks/shouvik/19092025_urdf/ws_humble_urdf/install/urdf_humble_test' for CMake config files
[3.621s] Level 1:colcon.colcon_core.shell:create_environment_hook('urdf_humble_test', 'cmake_prefix_path')
[3.622s] INFO:colcon.colcon_core.shell:Creating environment hook '/home/shouviks/shouvik/19092025_urdf/ws_humble_urdf/install/urdf_humble_test/share/urdf_humble_test/hook/cmake_prefix_path.ps1'
[3.624s] INFO:colcon.colcon_core.shell:Creating environment descriptor '/home/shouviks/shouvik/19092025_urdf/ws_humble_urdf/install/urdf_humble_test/share/urdf_humble_test/hook/cmake_prefix_path.dsv'
[3.627s] INFO:colcon.colcon_core.shell:Creating environment hook '/home/shouviks/shouvik/19092025_urdf/ws_humble_urdf/install/urdf_humble_test/share/urdf_humble_test/hook/cmake_prefix_path.sh'
[3.629s] Level 1:colcon.colcon_core.environment:checking '/home/shouviks/shouvik/19092025_urdf/ws_humble_urdf/install/urdf_humble_test/bin'
[3.629s] Level 1:colcon.colcon_core.environment:checking '/home/shouviks/shouvik/19092025_urdf/ws_humble_urdf/install/urdf_humble_test/lib/pkgconfig/urdf_humble_test.pc'
[3.630s] Level 1:colcon.colcon_core.environment:checking '/home/shouviks/shouvik/19092025_urdf/ws_humble_urdf/install/urdf_humble_test/lib/python3.10/site-packages'
[3.630s] Level 1:colcon.colcon_core.environment:checking '/home/shouviks/shouvik/19092025_urdf/ws_humble_urdf/install/urdf_humble_test/bin'
[3.631s] INFO:colcon.colcon_core.shell:Creating package script '/home/shouviks/shouvik/19092025_urdf/ws_humble_urdf/install/urdf_humble_test/share/urdf_humble_test/package.ps1'
[3.633s] INFO:colcon.colcon_core.shell:Creating package descriptor '/home/shouviks/shouvik/19092025_urdf/ws_humble_urdf/install/urdf_humble_test/share/urdf_humble_test/package.dsv'
[3.635s] INFO:colcon.colcon_core.shell:Creating package script '/home/shouviks/shouvik/19092025_urdf/ws_humble_urdf/install/urdf_humble_test/share/urdf_humble_test/package.sh'
[3.637s] INFO:colcon.colcon_core.shell:Creating package script '/home/shouviks/shouvik/19092025_urdf/ws_humble_urdf/install/urdf_humble_test/share/urdf_humble_test/package.bash'
[3.639s] INFO:colcon.colcon_core.shell:Creating package script '/home/shouviks/shouvik/19092025_urdf/ws_humble_urdf/install/urdf_humble_test/share/urdf_humble_test/package.zsh'
[3.642s] Level 1:colcon.colcon_core.environment:create_file_with_runtime_dependencies(/home/shouviks/shouvik/19092025_urdf/ws_humble_urdf/install/urdf_humble_test/share/colcon-core/packages/urdf_humble_test)
[3.643s] Level 1:colcon.colcon_core.environment:create_environment_scripts_only(urdf_humble_test)
[3.643s] Level 1:colcon.colcon_core.environment:checking '/home/shouviks/shouvik/19092025_urdf/ws_humble_urdf/install/urdf_humble_test' for CMake module files
[3.644s] Level 1:colcon.colcon_core.environment:checking '/home/shouviks/shouvik/19092025_urdf/ws_humble_urdf/install/urdf_humble_test' for CMake config files
[3.645s] Level 1:colcon.colcon_core.shell:create_environment_hook('urdf_humble_test', 'cmake_prefix_path')
[3.645s] INFO:colcon.colcon_core.shell:Creating environment hook '/home/shouviks/shouvik/19092025_urdf/ws_humble_urdf/install/urdf_humble_test/share/urdf_humble_test/hook/cmake_prefix_path.ps1'
[3.646s] INFO:colcon.colcon_core.shell:Creating environment descriptor '/home/shouviks/shouvik/19092025_urdf/ws_humble_urdf/install/urdf_humble_test/share/urdf_humble_test/hook/cmake_prefix_path.dsv'
[3.647s] INFO:colcon.colcon_core.shell:Creating environment hook '/home/shouviks/shouvik/19092025_urdf/ws_humble_urdf/install/urdf_humble_test/share/urdf_humble_test/hook/cmake_prefix_path.sh'
[3.649s] Level 1:colcon.colcon_core.environment:checking '/home/shouviks/shouvik/19092025_urdf/ws_humble_urdf/install/urdf_humble_test/bin'
[3.649s] Level 1:colcon.colcon_core.environment:checking '/home/shouviks/shouvik/19092025_urdf/ws_humble_urdf/install/urdf_humble_test/lib/pkgconfig/urdf_humble_test.pc'
[3.650s] Level 1:colcon.colcon_core.environment:checking '/home/shouviks/shouvik/19092025_urdf/ws_humble_urdf/install/urdf_humble_test/lib/python3.10/site-packages'
[3.650s] Level 1:colcon.colcon_core.environment:checking '/home/shouviks/shouvik/19092025_urdf/ws_humble_urdf/install/urdf_humble_test/bin'
[3.651s] INFO:colcon.colcon_core.shell:Creating package script '/home/shouviks/shouvik/19092025_urdf/ws_humble_urdf/install/urdf_humble_test/share/urdf_humble_test/package.ps1'
[3.652s] INFO:colcon.colcon_core.shell:Creating package descriptor '/home/shouviks/shouvik/19092025_urdf/ws_humble_urdf/install/urdf_humble_test/share/urdf_humble_test/package.dsv'
[3.653s] INFO:colcon.colcon_core.shell:Creating package script '/home/shouviks/shouvik/19092025_urdf/ws_humble_urdf/install/urdf_humble_test/share/urdf_humble_test/package.sh'
[3.654s] INFO:colcon.colcon_core.shell:Creating package script '/home/shouviks/shouvik/19092025_urdf/ws_humble_urdf/install/urdf_humble_test/share/urdf_humble_test/package.bash'
[3.655s] INFO:colcon.colcon_core.shell:Creating package script '/home/shouviks/shouvik/19092025_urdf/ws_humble_urdf/install/urdf_humble_test/share/urdf_humble_test/package.zsh'
[3.656s] Level 1:colcon.colcon_core.environment:create_file_with_runtime_dependencies(/home/shouviks/shouvik/19092025_urdf/ws_humble_urdf/install/urdf_humble_test/share/colcon-core/packages/urdf_humble_test)
[3.657s] DEBUG:colcon.colcon_parallel_executor.executor.parallel:closing loop
[3.659s] DEBUG:colcon.colcon_parallel_executor.executor.parallel:loop closed
[3.659s] DEBUG:colcon.colcon_parallel_executor.executor.parallel:run_until_complete finished with '0'
[3.659s] DEBUG:colcon.colcon_core.event_reactor:joining thread
[3.928s] INFO:colcon.colcon_core.plugin_system:Skipping extension 'colcon_notification.desktop_notification.notify_send': Could not find 'notify-send'
[3.929s] INFO:colcon.colcon_core.plugin_system:Skipping extension 'colcon_notification.desktop_notification.terminal_notifier': Not used on non-Darwin systems
[3.929s] INFO:colcon.colcon_core.plugin_system:Skipping extension 'colcon_notification.desktop_notification.win32': Not used on non-Windows systems
[3.929s] INFO:colcon.colcon_notification.desktop_notification:Sending desktop notification using 'notify2'
[3.931s] DEBUG:colcon.colcon_notification.desktop_notification.notify2:Failed to initialize notify2: org.freedesktop.DBus.Error.FileNotFound: Failed to connect to socket /run/user/1000/bus: No such file or directory
[3.931s] DEBUG:colcon.colcon_core.event_reactor:joined thread
[3.932s] INFO:colcon.colcon_core.shell:Creating prefix script '/home/shouviks/shouvik/19092025_urdf/ws_humble_urdf/install/local_setup.ps1'
[3.944s] INFO:colcon.colcon_core.shell:Creating prefix util module '/home/shouviks/shouvik/19092025_urdf/ws_humble_urdf/install/_local_setup_util_ps1.py'
[3.947s] INFO:colcon.colcon_core.shell:Creating prefix chain script '/home/shouviks/shouvik/19092025_urdf/ws_humble_urdf/install/setup.ps1'
[3.950s] INFO:colcon.colcon_core.shell:Creating prefix script '/home/shouviks/shouvik/19092025_urdf/ws_humble_urdf/install/local_setup.sh'
[3.953s] INFO:colcon.colcon_core.shell:Creating prefix util module '/home/shouviks/shouvik/19092025_urdf/ws_humble_urdf/install/_local_setup_util_sh.py'
[3.954s] INFO:colcon.colcon_core.shell:Creating prefix chain script '/home/shouviks/shouvik/19092025_urdf/ws_humble_urdf/install/setup.sh'
[3.956s] INFO:colcon.colcon_core.shell:Creating prefix script '/home/shouviks/shouvik/19092025_urdf/ws_humble_urdf/install/local_setup.bash'
[3.958s] INFO:colcon.colcon_core.shell:Creating prefix chain script '/home/shouviks/shouvik/19092025_urdf/ws_humble_urdf/install/setup.bash'
[3.961s] INFO:colcon.colcon_core.shell:Creating prefix script '/home/shouviks/shouvik/19092025_urdf/ws_humble_urdf/install/local_setup.zsh'
[3.963s] INFO:colcon.colcon_core.shell:Creating prefix chain script '/home/shouviks/shouvik/19092025_urdf/ws_humble_urdf/install/setup.zsh'
