-- Found ament_cmake: 1.3.12 (/opt/ros/humble/share/ament_cmake/cmake)
-- Override CMake install command with custom implementation using symlinks instead of copying resources
-- Found tf2_ros: 0.25.16 (/opt/ros/humble/share/tf2_ros/cmake)
-- Found rosidl_generator_c: 3.1.7 (/opt/ros/humble/share/rosidl_generator_c/cmake)
-- Found rosidl_adapter: 3.1.7 (/opt/ros/humble/share/rosidl_adapter/cmake)
-- Found rosidl_generator_cpp: 3.1.7 (/opt/ros/humble/share/rosidl_generator_cpp/cmake)
-- Using all available rosidl_typesupport_c: rosidl_typesupport_fastrtps_c;rosidl_typesupport_introspection_c
-- Using all available rosidl_typesupport_cpp: rosidl_typesupport_fastrtps_cpp;rosidl_typesupport_introspection_cpp
-- Found rmw_implementation_cmake: 6.1.2 (/opt/ros/humble/share/rmw_implementation_cmake/cmake)
-- Found rmw_fastrtps_cpp: 6.2.8 (/opt/ros/humble/share/rmw_fastrtps_cpp/cmake)
-- Using RMW implementation 'rmw_fastrtps_cpp' as default
-- Found tf2_geometry_msgs: 0.25.16 (/opt/ros/humble/share/tf2_geometry_msgs/cmake)
-- Found eigen3_cmake_module: 0.1.1 (/opt/ros/humble/share/eigen3_cmake_module/cmake)
-- Ensuring Eigen3 include directory is part of orocos-kdl CMake target
-- Found ament_lint_auto: 0.12.14 (/opt/ros/humble/share/ament_lint_auto/cmake)
-- Added test 'cppcheck' to perform static code analysis on C / C++ code
-- Configured cppcheck include dirs: 
-- Configured cppcheck exclude dirs and/or files: 
-- Added test 'flake8' to check Python code syntax and style conventions
-- Added test 'lint_cmake' to check CMake code style
-- Added test 'pep257' to check Python code against some of the docstring style conventions in PEP 257
-- Added test 'uncrustify' to check C / C++ code style
-- Configured uncrustify additional arguments: 
-- Added test 'xmllint' to check XML markup files
-- Configuring done
-- Generating done
-- Build files have been written to: /home/shouviks/shouvik/Day5/demo_ws/src/build/demo_robot
[35m[1mConsolidate compiler generated dependencies of target test_tf2[0m
[35m[1mConsolidate compiler generated dependencies of target test_tf1[0m
[100%] Built target test_tf1
[100%] Built target test_tf2
-- Install configuration: ""
-- Execute custom install script
-- Up-to-date symlink: /home/shouviks/shouvik/Day5/demo_ws/src/install/demo_robot/lib/demo_robot/test_tf1
-- Up-to-date symlink: /home/shouviks/shouvik/Day5/demo_ws/src/install/demo_robot/lib/demo_robot/test_tf2
-- Up-to-date symlink: /home/shouviks/shouvik/Day5/demo_ws/src/install/demo_robot/share/demo_robot/launch/build/.built_by
-- Up-to-date symlink: /home/shouviks/shouvik/Day5/demo_ws/src/install/demo_robot/share/demo_robot/launch/build/COLCON_IGNORE
-- Up-to-date symlink: /home/shouviks/shouvik/Day5/demo_ws/src/install/demo_robot/share/demo_robot/launch/display.launch.py
-- Up-to-date symlink: /home/shouviks/shouvik/Day5/demo_ws/src/install/demo_robot/share/demo_robot/launch/install/.colcon_install_layout
-- Up-to-date symlink: /home/shouviks/shouvik/Day5/demo_ws/src/install/demo_robot/share/demo_robot/launch/install/COLCON_IGNORE
-- Up-to-date symlink: /home/shouviks/shouvik/Day5/demo_ws/src/install/demo_robot/share/demo_robot/launch/install/_local_setup_util_ps1.py
-- Up-to-date symlink: /home/shouviks/shouvik/Day5/demo_ws/src/install/demo_robot/share/demo_robot/launch/install/_local_setup_util_sh.py
-- Up-to-date symlink: /home/shouviks/shouvik/Day5/demo_ws/src/install/demo_robot/share/demo_robot/launch/install/local_setup.bash
-- Up-to-date symlink: /home/shouviks/shouvik/Day5/demo_ws/src/install/demo_robot/share/demo_robot/launch/install/local_setup.ps1
-- Up-to-date symlink: /home/shouviks/shouvik/Day5/demo_ws/src/install/demo_robot/share/demo_robot/launch/install/local_setup.sh
-- Up-to-date symlink: /home/shouviks/shouvik/Day5/demo_ws/src/install/demo_robot/share/demo_robot/launch/install/local_setup.zsh
-- Up-to-date symlink: /home/shouviks/shouvik/Day5/demo_ws/src/install/demo_robot/share/demo_robot/launch/install/setup.bash
-- Up-to-date symlink: /home/shouviks/shouvik/Day5/demo_ws/src/install/demo_robot/share/demo_robot/launch/install/setup.ps1
-- Up-to-date symlink: /home/shouviks/shouvik/Day5/demo_ws/src/install/demo_robot/share/demo_robot/launch/install/setup.sh
-- Up-to-date symlink: /home/shouviks/shouvik/Day5/demo_ws/src/install/demo_robot/share/demo_robot/launch/install/setup.zsh
-- Up-to-date symlink: /home/shouviks/shouvik/Day5/demo_ws/src/install/demo_robot/share/demo_robot/launch/log/COLCON_IGNORE
-- Up-to-date symlink: /home/shouviks/shouvik/Day5/demo_ws/src/install/demo_robot/share/demo_robot/launch/log/build_2025-10-10_11-55-20/events.log
-- Up-to-date symlink: /home/shouviks/shouvik/Day5/demo_ws/src/install/demo_robot/share/demo_robot/launch/log/build_2025-10-10_11-55-20/logger_all.log
-- Up-to-date symlink: /home/shouviks/shouvik/Day5/demo_ws/src/install/demo_robot/share/demo_robot/launch/log/latest/events.log
-- Up-to-date symlink: /home/shouviks/shouvik/Day5/demo_ws/src/install/demo_robot/share/demo_robot/launch/log/latest/logger_all.log
-- Up-to-date symlink: /home/shouviks/shouvik/Day5/demo_ws/src/install/demo_robot/share/demo_robot/launch/log/latest_build/events.log
-- Up-to-date symlink: /home/shouviks/shouvik/Day5/demo_ws/src/install/demo_robot/share/demo_robot/launch/log/latest_build/logger_all.log
-- Up-to-date symlink: /home/shouviks/shouvik/Day5/demo_ws/src/install/demo_robot/share/demo_robot/urdf/model.urdf
-- Up-to-date symlink: /home/shouviks/shouvik/Day5/demo_ws/src/install/demo_robot/share/ament_index/resource_index/package_run_dependencies/demo_robot
-- Up-to-date symlink: /home/shouviks/shouvik/Day5/demo_ws/src/install/demo_robot/share/ament_index/resource_index/parent_prefix_path/demo_robot
-- Up-to-date symlink: /home/shouviks/shouvik/Day5/demo_ws/src/install/demo_robot/share/demo_robot/environment/ament_prefix_path.sh
-- Up-to-date symlink: /home/shouviks/shouvik/Day5/demo_ws/src/install/demo_robot/share/demo_robot/environment/ament_prefix_path.dsv
-- Up-to-date symlink: /home/shouviks/shouvik/Day5/demo_ws/src/install/demo_robot/share/demo_robot/environment/path.sh
-- Up-to-date symlink: /home/shouviks/shouvik/Day5/demo_ws/src/install/demo_robot/share/demo_robot/environment/path.dsv
-- Up-to-date symlink: /home/shouviks/shouvik/Day5/demo_ws/src/install/demo_robot/share/demo_robot/local_setup.bash
-- Up-to-date symlink: /home/shouviks/shouvik/Day5/demo_ws/src/install/demo_robot/share/demo_robot/local_setup.sh
-- Up-to-date symlink: /home/shouviks/shouvik/Day5/demo_ws/src/install/demo_robot/share/demo_robot/local_setup.zsh
-- Up-to-date symlink: /home/shouviks/shouvik/Day5/demo_ws/src/install/demo_robot/share/demo_robot/local_setup.dsv
-- Symlinking: /home/shouviks/shouvik/Day5/demo_ws/src/install/demo_robot/share/demo_robot/package.dsv
-- Up-to-date symlink: /home/shouviks/shouvik/Day5/demo_ws/src/install/demo_robot/share/ament_index/resource_index/packages/demo_robot
-- Up-to-date symlink: /home/shouviks/shouvik/Day5/demo_ws/src/install/demo_robot/share/demo_robot/cmake/demo_robotConfig.cmake
-- Up-to-date symlink: /home/shouviks/shouvik/Day5/demo_ws/src/install/demo_robot/share/demo_robot/cmake/demo_robotConfig-version.cmake
-- Up-to-date symlink: /home/shouviks/shouvik/Day5/demo_ws/src/install/demo_robot/share/demo_robot/package.xml
