[0.014s] Invoking command in '/home/shouviks/shouvik/Day5/demo_ws/src/build/demo_robot': CMAKE_PREFIX_PATH=${CMAKE_PREFIX_PATH}:/opt/ros/humble /usr/bin/cmake --build /home/shouviks/shouvik/Day5/demo_ws/src/build/demo_robot -- -j16 -l16
[0.051s] -- Found ament_cmake: 1.3.12 (/opt/ros/humble/share/ament_cmake/cmake)
[0.183s] -- Override CMake install command with custom implementation using symlinks instead of copying resources
[0.209s] -- Found tf2_ros: 0.25.16 (/opt/ros/humble/share/tf2_ros/cmake)
[0.442s] -- Found rosidl_generator_c: 3.1.7 (/opt/ros/humble/share/rosidl_generator_c/cmake)
[0.447s] -- Found rosidl_adapter: 3.1.7 (/opt/ros/humble/share/rosidl_adapter/cmake)
[0.458s] -- Found rosidl_generator_cpp: 3.1.7 (/opt/ros/humble/share/rosidl_generator_cpp/cmake)
[0.475s] -- Using all available rosidl_typesupport_c: rosidl_typesupport_fastrtps_c;rosidl_typesupport_introspection_c
[0.493s] -- Using all available rosidl_typesupport_cpp: rosidl_typesupport_fastrtps_cpp;rosidl_typesupport_introspection_cpp
[0.582s] -- Found rmw_implementation_cmake: 6.1.2 (/opt/ros/humble/share/rmw_implementation_cmake/cmake)
[0.585s] -- Found rmw_fastrtps_cpp: 6.2.8 (/opt/ros/humble/share/rmw_fastrtps_cpp/cmake)
[8.378s] -- Using RMW implementation 'rmw_fastrtps_cpp' as default
[8.559s] -- Found tf2_geometry_msgs: 0.25.16 (/opt/ros/humble/share/tf2_geometry_msgs/cmake)
[8.565s] -- Found eigen3_cmake_module: 0.1.1 (/opt/ros/humble/share/eigen3_cmake_module/cmake)
[8.567s] -- Ensuring Eigen3 include directory is part of orocos-kdl CMake target
[8.572s] -- Found ament_lint_auto: 0.12.14 (/opt/ros/humble/share/ament_lint_auto/cmake)
[8.657s] -- Added test 'cppcheck' to perform static code analysis on C / C++ code
[8.657s] -- Configured cppcheck include dirs: 
[8.657s] -- Configured cppcheck exclude dirs and/or files: 
[8.658s] -- Added test 'flake8' to check Python code syntax and style conventions
[8.659s] -- Added test 'lint_cmake' to check CMake code style
[8.660s] -- Added test 'pep257' to check Python code against some of the docstring style conventions in PEP 257
[8.664s] -- Added test 'uncrustify' to check C / C++ code style
[8.664s] -- Configured uncrustify additional arguments: 
[8.665s] -- Added test 'xmllint' to check XML markup files
[8.667s] -- Configuring done
[8.695s] -- Generating done
[8.702s] -- Build files have been written to: /home/shouviks/shouvik/Day5/demo_ws/src/build/demo_robot
[8.737s] [35m[1mConsolidate compiler generated dependencies of target test_tf2[0m
[8.737s] [35m[1mConsolidate compiler generated dependencies of target test_tf1[0m
[8.759s] [100%] Built target test_tf1
[8.759s] [100%] Built target test_tf2
[8.772s] Invoked command in '/home/shouviks/shouvik/Day5/demo_ws/src/build/demo_robot' returned '0': CMAKE_PREFIX_PATH=${CMAKE_PREFIX_PATH}:/opt/ros/humble /usr/bin/cmake --build /home/shouviks/shouvik/Day5/demo_ws/src/build/demo_robot -- -j16 -l16
[8.784s] Invoking command in '/home/shouviks/shouvik/Day5/demo_ws/src/build/demo_robot': CMAKE_PREFIX_PATH=${CMAKE_PREFIX_PATH}:/opt/ros/humble /usr/bin/cmake --install /home/shouviks/shouvik/Day5/demo_ws/src/build/demo_robot
[8.792s] -- Install configuration: ""
[8.793s] -- Execute custom install script
[8.793s] -- Up-to-date symlink: /home/shouviks/shouvik/Day5/demo_ws/src/install/demo_robot/lib/demo_robot/test_tf1
[8.794s] -- Up-to-date symlink: /home/shouviks/shouvik/Day5/demo_ws/src/install/demo_robot/lib/demo_robot/test_tf2
[8.794s] [33mCMake Warning (dev) at ament_cmake_symlink_install/ament_cmake_symlink_install.cmake:62 (file):
[8.795s]   Policy CMP0009 is not set: FILE GLOB_RECURSE calls should not follow
[8.795s]   symlinks by default.  Run "cmake --help-policy CMP0009" for policy details.
[8.795s]   Use the cmake_policy command to set the policy and suppress this warning.
[8.795s] Call Stack (most recent call first):
[8.795s]   ament_cmake_symlink_install/ament_cmake_symlink_install.cmake:320 (ament_cmake_symlink_install_directory)
[8.795s]   cmake_install.cmake:46 (include)
[8.795s] This warning is for project developers.  Use -Wno-dev to suppress it.
[8.795s] [0m
[8.795s] -- Up-to-date symlink: /home/shouviks/shouvik/Day5/demo_ws/src/install/demo_robot/share/demo_robot/launch/build/.built_by
[8.795s] -- Up-to-date symlink: /home/shouviks/shouvik/Day5/demo_ws/src/install/demo_robot/share/demo_robot/launch/build/COLCON_IGNORE
[8.796s] -- Up-to-date symlink: /home/shouviks/shouvik/Day5/demo_ws/src/install/demo_robot/share/demo_robot/launch/display.launch.py
[8.796s] -- Up-to-date symlink: /home/shouviks/shouvik/Day5/demo_ws/src/install/demo_robot/share/demo_robot/launch/install/.colcon_install_layout
[8.797s] -- Up-to-date symlink: /home/shouviks/shouvik/Day5/demo_ws/src/install/demo_robot/share/demo_robot/launch/install/COLCON_IGNORE
[8.797s] -- Up-to-date symlink: /home/shouviks/shouvik/Day5/demo_ws/src/install/demo_robot/share/demo_robot/launch/install/_local_setup_util_ps1.py
[8.797s] -- Up-to-date symlink: /home/shouviks/shouvik/Day5/demo_ws/src/install/demo_robot/share/demo_robot/launch/install/_local_setup_util_sh.py
[8.798s] -- Up-to-date symlink: /home/shouviks/shouvik/Day5/demo_ws/src/install/demo_robot/share/demo_robot/launch/install/local_setup.bash
[8.798s] -- Up-to-date symlink: /home/shouviks/shouvik/Day5/demo_ws/src/install/demo_robot/share/demo_robot/launch/install/local_setup.ps1
[8.799s] -- Up-to-date symlink: /home/shouviks/shouvik/Day5/demo_ws/src/install/demo_robot/share/demo_robot/launch/install/local_setup.sh
[8.799s] -- Up-to-date symlink: /home/shouviks/shouvik/Day5/demo_ws/src/install/demo_robot/share/demo_robot/launch/install/local_setup.zsh
[8.800s] -- Up-to-date symlink: /home/shouviks/shouvik/Day5/demo_ws/src/install/demo_robot/share/demo_robot/launch/install/setup.bash
[8.800s] -- Up-to-date symlink: /home/shouviks/shouvik/Day5/demo_ws/src/install/demo_robot/share/demo_robot/launch/install/setup.ps1
[8.800s] -- Up-to-date symlink: /home/shouviks/shouvik/Day5/demo_ws/src/install/demo_robot/share/demo_robot/launch/install/setup.sh
[8.801s] -- Up-to-date symlink: /home/shouviks/shouvik/Day5/demo_ws/src/install/demo_robot/share/demo_robot/launch/install/setup.zsh
[8.801s] -- Up-to-date symlink: /home/shouviks/shouvik/Day5/demo_ws/src/install/demo_robot/share/demo_robot/launch/log/COLCON_IGNORE
[8.802s] -- Up-to-date symlink: /home/shouviks/shouvik/Day5/demo_ws/src/install/demo_robot/share/demo_robot/launch/log/build_2025-10-10_11-55-20/events.log
[8.802s] -- Up-to-date symlink: /home/shouviks/shouvik/Day5/demo_ws/src/install/demo_robot/share/demo_robot/launch/log/build_2025-10-10_11-55-20/logger_all.log
[8.803s] -- Up-to-date symlink: /home/shouviks/shouvik/Day5/demo_ws/src/install/demo_robot/share/demo_robot/launch/log/latest/events.log
[8.803s] -- Up-to-date symlink: /home/shouviks/shouvik/Day5/demo_ws/src/install/demo_robot/share/demo_robot/launch/log/latest/logger_all.log
[8.804s] -- Up-to-date symlink: /home/shouviks/shouvik/Day5/demo_ws/src/install/demo_robot/share/demo_robot/launch/log/latest_build/events.log
[8.804s] -- Up-to-date symlink: /home/shouviks/shouvik/Day5/demo_ws/src/install/demo_robot/share/demo_robot/launch/log/latest_build/logger_all.log
[8.805s] -- Up-to-date symlink: /home/shouviks/shouvik/Day5/demo_ws/src/install/demo_robot/share/demo_robot/urdf/model.urdf
[8.805s] -- Up-to-date symlink: /home/shouviks/shouvik/Day5/demo_ws/src/install/demo_robot/share/ament_index/resource_index/package_run_dependencies/demo_robot
[8.806s] -- Up-to-date symlink: /home/shouviks/shouvik/Day5/demo_ws/src/install/demo_robot/share/ament_index/resource_index/parent_prefix_path/demo_robot
[8.806s] -- Up-to-date symlink: /home/shouviks/shouvik/Day5/demo_ws/src/install/demo_robot/share/demo_robot/environment/ament_prefix_path.sh
[8.806s] -- Up-to-date symlink: /home/shouviks/shouvik/Day5/demo_ws/src/install/demo_robot/share/demo_robot/environment/ament_prefix_path.dsv
[8.807s] -- Up-to-date symlink: /home/shouviks/shouvik/Day5/demo_ws/src/install/demo_robot/share/demo_robot/environment/path.sh
[8.807s] -- Up-to-date symlink: /home/shouviks/shouvik/Day5/demo_ws/src/install/demo_robot/share/demo_robot/environment/path.dsv
[8.807s] -- Up-to-date symlink: /home/shouviks/shouvik/Day5/demo_ws/src/install/demo_robot/share/demo_robot/local_setup.bash
[8.808s] -- Up-to-date symlink: /home/shouviks/shouvik/Day5/demo_ws/src/install/demo_robot/share/demo_robot/local_setup.sh
[8.808s] -- Up-to-date symlink: /home/shouviks/shouvik/Day5/demo_ws/src/install/demo_robot/share/demo_robot/local_setup.zsh
[8.808s] -- Up-to-date symlink: /home/shouviks/shouvik/Day5/demo_ws/src/install/demo_robot/share/demo_robot/local_setup.dsv
[8.809s] -- Symlinking: /home/shouviks/shouvik/Day5/demo_ws/src/install/demo_robot/share/demo_robot/package.dsv
[8.821s] -- Up-to-date symlink: /home/shouviks/shouvik/Day5/demo_ws/src/install/demo_robot/share/ament_index/resource_index/packages/demo_robot
[8.821s] -- Up-to-date symlink: /home/shouviks/shouvik/Day5/demo_ws/src/install/demo_robot/share/demo_robot/cmake/demo_robotConfig.cmake
[8.822s] -- Up-to-date symlink: /home/shouviks/shouvik/Day5/demo_ws/src/install/demo_robot/share/demo_robot/cmake/demo_robotConfig-version.cmake
[8.822s] -- Up-to-date symlink: /home/shouviks/shouvik/Day5/demo_ws/src/install/demo_robot/share/demo_robot/package.xml
[8.825s] Invoked command in '/home/shouviks/shouvik/Day5/demo_ws/src/build/demo_robot' returned '0': CMAKE_PREFIX_PATH=${CMAKE_PREFIX_PATH}:/opt/ros/humble /usr/bin/cmake --install /home/shouviks/shouvik/Day5/demo_ws/src/build/demo_robot
