[0.229s] DEBUG:colcon:Command line arguments: ['/usr/bin/colcon', 'build', '--symlink-install', '--packages-select', 'demo_robot']
[0.229s] DEBUG:colcon:Parsed command line arguments: Namespace(log_base=None, log_level=None, verb_name='build', build_base='build', install_base='install', merge_install=False, symlink_install=True, test_result_base=None, continue_on_error=False, executor='parallel', parallel_workers=16, event_handlers=None, ignore_user_meta=False, metas=['./colcon.meta'], base_paths=['.'], packages_ignore=None, packages_ignore_regex=None, paths=None, packages_up_to=None, packages_up_to_regex=None, packages_above=None, packages_above_and_dependencies=None, packages_above_depth=None, packages_select_by_dep=None, packages_skip_by_dep=None, packages_skip_up_to=None, packages_select_build_failed=False, packages_skip_build_finished=False, packages_select_test_failures=False, packages_skip_test_passed=False, packages_select=['demo_robot'], packages_skip=None, packages_select_regex=None, packages_skip_regex=None, packages_start=None, packages_end=None, allow_overriding=[], cmake_args=None, cmake_target=None, cmake_target_skip_unavailable=False, cmake_clean_cache=False, cmake_clean_first=False, cmake_force_configure=False, ament_cmake_args=None, catkin_cmake_args=None, catkin_skip_building_tests=False, mixin_files=None, mixin=None, verb_parser=<colcon_mixin.mixin.mixin_argument.MixinArgumentDecorator object at 0x7c837c009390>, verb_extension=<colcon_core.verb.build.BuildVerb object at 0x7c837c008dc0>, main=<bound method BuildVerb.main of <colcon_core.verb.build.BuildVerb object at 0x7c837c008dc0>>, mixin_verb=('build',))
[0.370s] Level 1:colcon.colcon_core.package_discovery:discover_packages(colcon_meta) check parameters
[0.370s] Level 1:colcon.colcon_core.package_discovery:discover_packages(recursive) check parameters
[0.370s] Level 1:colcon.colcon_core.package_discovery:discover_packages(ignore) check parameters
[0.370s] Level 1:colcon.colcon_core.package_discovery:discover_packages(path) check parameters
[0.370s] Level 1:colcon.colcon_core.package_discovery:discover_packages(colcon_meta) discover
[0.370s] Level 1:colcon.colcon_core.package_discovery:discover_packages(recursive) discover
[0.371s] INFO:colcon.colcon_core.package_discovery:Crawling recursively for packages in '/home/shouviks/shouvik/Day5/demo_ws'
[0.371s] Level 1:colcon.colcon_core.package_identification:_identify(.) by extensions ['ignore', 'ignore_ament_install']
[0.371s] Level 1:colcon.colcon_core.package_identification:_identify(.) by extension 'ignore'
[0.371s] Level 1:colcon.colcon_core.package_identification:_identify(.) by extension 'ignore_ament_install'
[0.371s] Level 1:colcon.colcon_core.package_identification:_identify(.) by extensions ['colcon_pkg']
[0.371s] Level 1:colcon.colcon_core.package_identification:_identify(.) by extension 'colcon_pkg'
[0.371s] Level 1:colcon.colcon_core.package_identification:_identify(.) by extensions ['colcon_meta']
[0.371s] Level 1:colcon.colcon_core.package_identification:_identify(.) by extension 'colcon_meta'
[0.371s] Level 1:colcon.colcon_core.package_identification:_identify(.) by extensions ['ros']
[0.371s] Level 1:colcon.colcon_core.package_identification:_identify(.) by extension 'ros'
[0.380s] Level 1:colcon.colcon_core.package_identification:_identify(.) by extensions ['cmake', 'python']
[0.380s] Level 1:colcon.colcon_core.package_identification:_identify(.) by extension 'cmake'
[0.380s] Level 1:colcon.colcon_core.package_identification:_identify(.) by extension 'python'
[0.380s] Level 1:colcon.colcon_core.package_identification:_identify(.) by extensions ['python_setup_py']
[0.380s] Level 1:colcon.colcon_core.package_identification:_identify(.) by extension 'python_setup_py'
[0.381s] Level 1:colcon.colcon_core.package_identification:_identify(build) by extensions ['ignore', 'ignore_ament_install']
[0.381s] Level 1:colcon.colcon_core.package_identification:_identify(build) by extension 'ignore'
[0.381s] Level 1:colcon.colcon_core.package_identification:_identify(build) ignored
[0.382s] Level 1:colcon.colcon_core.package_identification:_identify(install) by extensions ['ignore', 'ignore_ament_install']
[0.382s] Level 1:colcon.colcon_core.package_identification:_identify(install) by extension 'ignore'
[0.382s] Level 1:colcon.colcon_core.package_identification:_identify(install) ignored
[0.382s] Level 1:colcon.colcon_core.package_identification:_identify(log) by extensions ['ignore', 'ignore_ament_install']
[0.382s] Level 1:colcon.colcon_core.package_identification:_identify(log) by extension 'ignore'
[0.382s] Level 1:colcon.colcon_core.package_identification:_identify(log) ignored
[0.382s] Level 1:colcon.colcon_core.package_identification:_identify(src) by extensions ['ignore', 'ignore_ament_install']
[0.382s] Level 1:colcon.colcon_core.package_identification:_identify(src) by extension 'ignore'
[0.382s] Level 1:colcon.colcon_core.package_identification:_identify(src) by extension 'ignore_ament_install'
[0.382s] Level 1:colcon.colcon_core.package_identification:_identify(src) by extensions ['colcon_pkg']
[0.382s] Level 1:colcon.colcon_core.package_identification:_identify(src) by extension 'colcon_pkg'
[0.382s] Level 1:colcon.colcon_core.package_identification:_identify(src) by extensions ['colcon_meta']
[0.382s] Level 1:colcon.colcon_core.package_identification:_identify(src) by extension 'colcon_meta'
[0.382s] Level 1:colcon.colcon_core.package_identification:_identify(src) by extensions ['ros']
[0.382s] Level 1:colcon.colcon_core.package_identification:_identify(src) by extension 'ros'
[0.382s] Level 1:colcon.colcon_core.package_identification:_identify(src) by extensions ['cmake', 'python']
[0.382s] Level 1:colcon.colcon_core.package_identification:_identify(src) by extension 'cmake'
[0.382s] Level 1:colcon.colcon_core.package_identification:_identify(src) by extension 'python'
[0.382s] Level 1:colcon.colcon_core.package_identification:_identify(src) by extensions ['python_setup_py']
[0.382s] Level 1:colcon.colcon_core.package_identification:_identify(src) by extension 'python_setup_py'
[0.382s] Level 1:colcon.colcon_core.package_identification:_identify(src/build) by extensions ['ignore', 'ignore_ament_install']
[0.383s] Level 1:colcon.colcon_core.package_identification:_identify(src/build) by extension 'ignore'
[0.383s] Level 1:colcon.colcon_core.package_identification:_identify(src/build) ignored
[0.383s] Level 1:colcon.colcon_core.package_identification:_identify(src/demo_robot) by extensions ['ignore', 'ignore_ament_install']
[0.383s] Level 1:colcon.colcon_core.package_identification:_identify(src/demo_robot) by extension 'ignore'
[0.383s] Level 1:colcon.colcon_core.package_identification:_identify(src/demo_robot) by extension 'ignore_ament_install'
[0.383s] Level 1:colcon.colcon_core.package_identification:_identify(src/demo_robot) by extensions ['colcon_pkg']
[0.383s] Level 1:colcon.colcon_core.package_identification:_identify(src/demo_robot) by extension 'colcon_pkg'
[0.383s] Level 1:colcon.colcon_core.package_identification:_identify(src/demo_robot) by extensions ['colcon_meta']
[0.383s] Level 1:colcon.colcon_core.package_identification:_identify(src/demo_robot) by extension 'colcon_meta'
[0.383s] Level 1:colcon.colcon_core.package_identification:_identify(src/demo_robot) by extensions ['ros']
[0.383s] Level 1:colcon.colcon_core.package_identification:_identify(src/demo_robot) by extension 'ros'
[0.385s] DEBUG:colcon.colcon_core.package_identification:Package 'src/demo_robot' with type 'ros.ament_cmake' and name 'demo_robot'
[0.385s] Level 1:colcon.colcon_core.package_identification:_identify(src/install) by extensions ['ignore', 'ignore_ament_install']
[0.385s] Level 1:colcon.colcon_core.package_identification:_identify(src/install) by extension 'ignore'
[0.385s] Level 1:colcon.colcon_core.package_identification:_identify(src/install) ignored
[0.385s] Level 1:colcon.colcon_core.package_identification:_identify(src/log) by extensions ['ignore', 'ignore_ament_install']
[0.385s] Level 1:colcon.colcon_core.package_identification:_identify(src/log) by extension 'ignore'
[0.385s] Level 1:colcon.colcon_core.package_identification:_identify(src/log) ignored
[0.385s] Level 1:colcon.colcon_core.package_discovery:discover_packages(recursive) using defaults
[0.385s] Level 1:colcon.colcon_core.package_discovery:discover_packages(ignore) discover
[0.385s] Level 1:colcon.colcon_core.package_discovery:discover_packages(ignore) using defaults
[0.385s] Level 1:colcon.colcon_core.package_discovery:discover_packages(path) discover
[0.385s] Level 1:colcon.colcon_core.package_discovery:discover_packages(path) using defaults
[0.413s] Level 1:colcon.colcon_core.package_discovery:discover_packages(prefix_path) check parameters
[0.413s] Level 1:colcon.colcon_core.package_discovery:discover_packages(prefix_path) discover
[0.415s] DEBUG:colcon.colcon_installed_package_information.package_discovery:Found 274 installed packages in /opt/ros/humble
[0.416s] Level 1:colcon.colcon_core.package_discovery:discover_packages(prefix_path) using defaults
[0.449s] Level 5:colcon.colcon_core.verb:set package 'demo_robot' build argument 'cmake_args' from command line to 'None'
[0.449s] Level 5:colcon.colcon_core.verb:set package 'demo_robot' build argument 'cmake_target' from command line to 'None'
[0.449s] Level 5:colcon.colcon_core.verb:set package 'demo_robot' build argument 'cmake_target_skip_unavailable' from command line to 'False'
[0.449s] Level 5:colcon.colcon_core.verb:set package 'demo_robot' build argument 'cmake_clean_cache' from command line to 'False'
[0.449s] Level 5:colcon.colcon_core.verb:set package 'demo_robot' build argument 'cmake_clean_first' from command line to 'False'
[0.449s] Level 5:colcon.colcon_core.verb:set package 'demo_robot' build argument 'cmake_force_configure' from command line to 'False'
[0.449s] Level 5:colcon.colcon_core.verb:set package 'demo_robot' build argument 'ament_cmake_args' from command line to 'None'
[0.449s] Level 5:colcon.colcon_core.verb:set package 'demo_robot' build argument 'catkin_cmake_args' from command line to 'None'
[0.449s] Level 5:colcon.colcon_core.verb:set package 'demo_robot' build argument 'catkin_skip_building_tests' from command line to 'False'
[0.449s] DEBUG:colcon.colcon_core.verb:Building package 'demo_robot' with the following arguments: {'ament_cmake_args': None, 'build_base': '/home/shouviks/shouvik/Day5/demo_ws/build/demo_robot', 'catkin_cmake_args': None, 'catkin_skip_building_tests': False, 'cmake_args': None, 'cmake_clean_cache': False, 'cmake_clean_first': False, 'cmake_force_configure': False, 'cmake_target': None, 'cmake_target_skip_unavailable': False, 'install_base': '/home/shouviks/shouvik/Day5/demo_ws/install/demo_robot', 'merge_install': False, 'path': '/home/shouviks/shouvik/Day5/demo_ws/src/demo_robot', 'symlink_install': True, 'test_result_base': None}
[0.449s] INFO:colcon.colcon_core.executor:Executing jobs using 'parallel' executor
[0.450s] DEBUG:colcon.colcon_parallel_executor.executor.parallel:run_until_complete
[0.450s] INFO:colcon.colcon_ros.task.ament_cmake.build:Building ROS package in '/home/shouviks/shouvik/Day5/demo_ws/src/demo_robot' with build type 'ament_cmake'
[0.451s] INFO:colcon.colcon_cmake.task.cmake.build:Building CMake package in '/home/shouviks/shouvik/Day5/demo_ws/src/demo_robot'
[0.453s] INFO:colcon.colcon_core.plugin_system:Skipping extension 'colcon_core.shell.bat': Not used on non-Windows systems
[0.453s] INFO:colcon.colcon_core.shell:Skip shell extension 'powershell' for command environment: Not usable outside of PowerShell
[0.453s] DEBUG:colcon.colcon_core.shell:Skip shell extension 'dsv' for command environment
[0.464s] DEBUG:colcon.colcon_core.event_handler.log_command:Invoking command in '/home/shouviks/shouvik/Day5/demo_ws/build/demo_robot': CMAKE_PREFIX_PATH=/opt/ros/humble /usr/bin/cmake --build /home/shouviks/shouvik/Day5/demo_ws/build/demo_robot -- -j16 -l16
[0.546s] DEBUG:colcon.colcon_core.event_handler.log_command:Invoked command in '/home/shouviks/shouvik/Day5/demo_ws/build/demo_robot' returned '0': CMAKE_PREFIX_PATH=/opt/ros/humble /usr/bin/cmake --build /home/shouviks/shouvik/Day5/demo_ws/build/demo_robot -- -j16 -l16
[0.559s] DEBUG:colcon.colcon_core.event_handler.log_command:Invoking command in '/home/shouviks/shouvik/Day5/demo_ws/build/demo_robot': CMAKE_PREFIX_PATH=/opt/ros/humble /usr/bin/cmake --install /home/shouviks/shouvik/Day5/demo_ws/build/demo_robot
[-0.269s] Level 1:colcon.colcon_core.environment:create_environment_scripts_only(demo_robot)
[-0.268s] DEBUG:colcon.colcon_core.event_handler.log_command:Invoked command in '/home/shouviks/shouvik/Day5/demo_ws/build/demo_robot' returned '0': CMAKE_PREFIX_PATH=/opt/ros/humble /usr/bin/cmake --install /home/shouviks/shouvik/Day5/demo_ws/build/demo_robot
[-0.266s] Level 1:colcon.colcon_core.environment:checking '/home/shouviks/shouvik/Day5/demo_ws/install/demo_robot' for CMake module files
[-0.265s] Level 1:colcon.colcon_core.environment:checking '/home/shouviks/shouvik/Day5/demo_ws/install/demo_robot' for CMake config files
[-0.263s] Level 1:colcon.colcon_core.shell:create_environment_hook('demo_robot', 'cmake_prefix_path')
[-0.263s] INFO:colcon.colcon_core.shell:Creating environment hook '/home/shouviks/shouvik/Day5/demo_ws/install/demo_robot/share/demo_robot/hook/cmake_prefix_path.ps1'
[-0.262s] INFO:colcon.colcon_core.shell:Creating environment descriptor '/home/shouviks/shouvik/Day5/demo_ws/install/demo_robot/share/demo_robot/hook/cmake_prefix_path.dsv'
[-0.262s] INFO:colcon.colcon_core.shell:Creating environment hook '/home/shouviks/shouvik/Day5/demo_ws/install/demo_robot/share/demo_robot/hook/cmake_prefix_path.sh'
[-0.261s] Level 1:colcon.colcon_core.environment:checking '/home/shouviks/shouvik/Day5/demo_ws/install/demo_robot/lib'
[-0.261s] Level 1:colcon.colcon_core.environment:checking '/home/shouviks/shouvik/Day5/demo_ws/install/demo_robot/bin'
[-0.261s] Level 1:colcon.colcon_core.environment:checking '/home/shouviks/shouvik/Day5/demo_ws/install/demo_robot/lib/pkgconfig/demo_robot.pc'
[-0.261s] Level 1:colcon.colcon_core.environment:checking '/home/shouviks/shouvik/Day5/demo_ws/install/demo_robot/lib/python3.10/site-packages'
[-0.260s] Level 1:colcon.colcon_core.environment:checking '/home/shouviks/shouvik/Day5/demo_ws/install/demo_robot/bin'
[-0.260s] INFO:colcon.colcon_core.shell:Creating package script '/home/shouviks/shouvik/Day5/demo_ws/install/demo_robot/share/demo_robot/package.ps1'
[-0.259s] INFO:colcon.colcon_core.shell:Creating package descriptor '/home/shouviks/shouvik/Day5/demo_ws/install/demo_robot/share/demo_robot/package.dsv'
[-0.259s] INFO:colcon.colcon_core.shell:Creating package script '/home/shouviks/shouvik/Day5/demo_ws/install/demo_robot/share/demo_robot/package.sh'
[-0.258s] INFO:colcon.colcon_core.shell:Creating package script '/home/shouviks/shouvik/Day5/demo_ws/install/demo_robot/share/demo_robot/package.bash'
[-0.258s] INFO:colcon.colcon_core.shell:Creating package script '/home/shouviks/shouvik/Day5/demo_ws/install/demo_robot/share/demo_robot/package.zsh'
[-0.257s] Level 1:colcon.colcon_core.environment:create_file_with_runtime_dependencies(/home/shouviks/shouvik/Day5/demo_ws/install/demo_robot/share/colcon-core/packages/demo_robot)
[-0.257s] Level 1:colcon.colcon_core.environment:create_environment_scripts_only(demo_robot)
[-0.256s] Level 1:colcon.colcon_core.environment:checking '/home/shouviks/shouvik/Day5/demo_ws/install/demo_robot' for CMake module files
[-0.256s] Level 1:colcon.colcon_core.environment:checking '/home/shouviks/shouvik/Day5/demo_ws/install/demo_robot' for CMake config files
[-0.255s] Level 1:colcon.colcon_core.shell:create_environment_hook('demo_robot', 'cmake_prefix_path')
[-0.255s] INFO:colcon.colcon_core.shell:Creating environment hook '/home/shouviks/shouvik/Day5/demo_ws/install/demo_robot/share/demo_robot/hook/cmake_prefix_path.ps1'
[-0.255s] INFO:colcon.colcon_core.shell:Creating environment descriptor '/home/shouviks/shouvik/Day5/demo_ws/install/demo_robot/share/demo_robot/hook/cmake_prefix_path.dsv'
[-0.255s] INFO:colcon.colcon_core.shell:Creating environment hook '/home/shouviks/shouvik/Day5/demo_ws/install/demo_robot/share/demo_robot/hook/cmake_prefix_path.sh'
[-0.254s] Level 1:colcon.colcon_core.environment:checking '/home/shouviks/shouvik/Day5/demo_ws/install/demo_robot/lib'
[-0.254s] Level 1:colcon.colcon_core.environment:checking '/home/shouviks/shouvik/Day5/demo_ws/install/demo_robot/bin'
[-0.254s] Level 1:colcon.colcon_core.environment:checking '/home/shouviks/shouvik/Day5/demo_ws/install/demo_robot/lib/pkgconfig/demo_robot.pc'
[-0.254s] Level 1:colcon.colcon_core.environment:checking '/home/shouviks/shouvik/Day5/demo_ws/install/demo_robot/lib/python3.10/site-packages'
[-0.254s] Level 1:colcon.colcon_core.environment:checking '/home/shouviks/shouvik/Day5/demo_ws/install/demo_robot/bin'
[-0.254s] INFO:colcon.colcon_core.shell:Creating package script '/home/shouviks/shouvik/Day5/demo_ws/install/demo_robot/share/demo_robot/package.ps1'
[-0.253s] INFO:colcon.colcon_core.shell:Creating package descriptor '/home/shouviks/shouvik/Day5/demo_ws/install/demo_robot/share/demo_robot/package.dsv'
[-0.253s] INFO:colcon.colcon_core.shell:Creating package script '/home/shouviks/shouvik/Day5/demo_ws/install/demo_robot/share/demo_robot/package.sh'
[-0.253s] INFO:colcon.colcon_core.shell:Creating package script '/home/shouviks/shouvik/Day5/demo_ws/install/demo_robot/share/demo_robot/package.bash'
[-0.252s] INFO:colcon.colcon_core.shell:Creating package script '/home/shouviks/shouvik/Day5/demo_ws/install/demo_robot/share/demo_robot/package.zsh'
[-0.252s] Level 1:colcon.colcon_core.environment:create_file_with_runtime_dependencies(/home/shouviks/shouvik/Day5/demo_ws/install/demo_robot/share/colcon-core/packages/demo_robot)
[-0.251s] DEBUG:colcon.colcon_parallel_executor.executor.parallel:closing loop
[-0.251s] DEBUG:colcon.colcon_parallel_executor.executor.parallel:loop closed
[-0.251s] DEBUG:colcon.colcon_parallel_executor.executor.parallel:run_until_complete finished with '0'
[-0.251s] DEBUG:colcon.colcon_core.event_reactor:joining thread
[-0.179s] INFO:colcon.colcon_core.plugin_system:Skipping extension 'colcon_notification.desktop_notification.notify_send': Could not find 'notify-send'
[-0.179s] INFO:colcon.colcon_core.plugin_system:Skipping extension 'colcon_notification.desktop_notification.terminal_notifier': Not used on non-Darwin systems
[-0.179s] INFO:colcon.colcon_core.plugin_system:Skipping extension 'colcon_notification.desktop_notification.win32': Not used on non-Windows systems
[-0.179s] INFO:colcon.colcon_notification.desktop_notification:Sending desktop notification using 'notify2'
[-0.179s] DEBUG:colcon.colcon_notification.desktop_notification.notify2:Failed to initialize notify2: org.freedesktop.DBus.Error.FileNotFound: Failed to connect to socket /run/user/1000/bus: No such file or directory
[-0.178s] DEBUG:colcon.colcon_core.event_reactor:joined thread
[-0.178s] INFO:colcon.colcon_core.shell:Creating prefix script '/home/shouviks/shouvik/Day5/demo_ws/install/local_setup.ps1'
[-0.177s] INFO:colcon.colcon_core.shell:Creating prefix util module '/home/shouviks/shouvik/Day5/demo_ws/install/_local_setup_util_ps1.py'
[-0.176s] INFO:colcon.colcon_core.shell:Creating prefix chain script '/home/shouviks/shouvik/Day5/demo_ws/install/setup.ps1'
[-0.175s] INFO:colcon.colcon_core.shell:Creating prefix script '/home/shouviks/shouvik/Day5/demo_ws/install/local_setup.sh'
[-0.175s] INFO:colcon.colcon_core.shell:Creating prefix util module '/home/shouviks/shouvik/Day5/demo_ws/install/_local_setup_util_sh.py'
[-0.175s] INFO:colcon.colcon_core.shell:Creating prefix chain script '/home/shouviks/shouvik/Day5/demo_ws/install/setup.sh'
[-0.174s] INFO:colcon.colcon_core.shell:Creating prefix script '/home/shouviks/shouvik/Day5/demo_ws/install/local_setup.bash'
[-0.174s] INFO:colcon.colcon_core.shell:Creating prefix chain script '/home/shouviks/shouvik/Day5/demo_ws/install/setup.bash'
[-0.173s] INFO:colcon.colcon_core.shell:Creating prefix script '/home/shouviks/shouvik/Day5/demo_ws/install/local_setup.zsh'
[-0.173s] INFO:colcon.colcon_core.shell:Creating prefix chain script '/home/shouviks/shouvik/Day5/demo_ws/install/setup.zsh'
