[0.707s] DEBUG:colcon:Command line arguments: ['/usr/bin/colcon', 'build']
[0.708s] DEBUG:colcon:Parsed command line arguments: Namespace(log_base=None, log_level=None, verb_name='build', build_base='build', install_base='install', merge_install=False, symlink_install=False, test_result_base=None, continue_on_error=False, executor='parallel', parallel_workers=16, event_handlers=None, ignore_user_meta=False, metas=['./colcon.meta'], base_paths=['.'], packages_ignore=None, packages_ignore_regex=None, paths=None, packages_up_to=None, packages_up_to_regex=None, packages_above=None, packages_above_and_dependencies=None, packages_above_depth=None, packages_select_by_dep=None, packages_skip_by_dep=None, packages_skip_up_to=None, packages_select_build_failed=False, packages_skip_build_finished=False, packages_select_test_failures=False, packages_skip_test_passed=False, packages_select=None, packages_skip=None, packages_select_regex=None, packages_skip_regex=None, packages_start=None, packages_end=None, allow_overriding=[], cmake_args=None, cmake_target=None, cmake_target_skip_unavailable=False, cmake_clean_cache=False, cmake_clean_first=False, cmake_force_configure=False, ament_cmake_args=None, catkin_cmake_args=None, catkin_skip_building_tests=False, mixin_files=None, mixin=None, verb_parser=<colcon_mixin.mixin.mixin_argument.MixinArgumentDecorator object at 0x7dd84d9f9150>, verb_extension=<colcon_core.verb.build.BuildVerb object at 0x7dd84d9f8b80>, main=<bound method BuildVerb.main of <colcon_core.verb.build.BuildVerb object at 0x7dd84d9f8b80>>, mixin_verb=('build',))
[1.092s] Level 1:colcon.colcon_core.package_discovery:discover_packages(colcon_meta) check parameters
[1.092s] Level 1:colcon.colcon_core.package_discovery:discover_packages(recursive) check parameters
[1.092s] Level 1:colcon.colcon_core.package_discovery:discover_packages(ignore) check parameters
[1.092s] Level 1:colcon.colcon_core.package_discovery:discover_packages(path) check parameters
[1.092s] Level 1:colcon.colcon_core.package_discovery:discover_packages(colcon_meta) discover
[1.093s] Level 1:colcon.colcon_core.package_discovery:discover_packages(recursive) discover
[1.093s] INFO:colcon.colcon_core.package_discovery:Crawling recursively for packages in '/home/shouviks/shouvik/19092025_urdf/ws_humble_urdf'
[1.093s] Level 1:colcon.colcon_core.package_identification:_identify(.) by extensions ['ignore', 'ignore_ament_install']
[1.093s] Level 1:colcon.colcon_core.package_identification:_identify(.) by extension 'ignore'
[1.093s] Level 1:colcon.colcon_core.package_identification:_identify(.) by extension 'ignore_ament_install'
[1.093s] Level 1:colcon.colcon_core.package_identification:_identify(.) by extensions ['colcon_pkg']
[1.093s] Level 1:colcon.colcon_core.package_identification:_identify(.) by extension 'colcon_pkg'
[1.093s] Level 1:colcon.colcon_core.package_identification:_identify(.) by extensions ['colcon_meta']
[1.093s] Level 1:colcon.colcon_core.package_identification:_identify(.) by extension 'colcon_meta'
[1.093s] Level 1:colcon.colcon_core.package_identification:_identify(.) by extensions ['ros']
[1.093s] Level 1:colcon.colcon_core.package_identification:_identify(.) by extension 'ros'
[1.121s] Level 1:colcon.colcon_core.package_identification:_identify(.) by extensions ['cmake', 'python']
[1.121s] Level 1:colcon.colcon_core.package_identification:_identify(.) by extension 'cmake'
[1.121s] Level 1:colcon.colcon_core.package_identification:_identify(.) by extension 'python'
[1.121s] Level 1:colcon.colcon_core.package_identification:_identify(.) by extensions ['python_setup_py']
[1.121s] Level 1:colcon.colcon_core.package_identification:_identify(.) by extension 'python_setup_py'
[1.121s] Level 1:colcon.colcon_core.package_identification:_identify(build) by extensions ['ignore', 'ignore_ament_install']
[1.121s] Level 1:colcon.colcon_core.package_identification:_identify(build) by extension 'ignore'
[1.122s] Level 1:colcon.colcon_core.package_identification:_identify(build) ignored
[1.122s] Level 1:colcon.colcon_core.package_identification:_identify(install) by extensions ['ignore', 'ignore_ament_install']
[1.122s] Level 1:colcon.colcon_core.package_identification:_identify(install) by extension 'ignore'
[1.122s] Level 1:colcon.colcon_core.package_identification:_identify(install) ignored
[1.122s] Level 1:colcon.colcon_core.package_identification:_identify(log) by extensions ['ignore', 'ignore_ament_install']
[1.123s] Level 1:colcon.colcon_core.package_identification:_identify(log) by extension 'ignore'
[1.123s] Level 1:colcon.colcon_core.package_identification:_identify(log) ignored
[1.123s] Level 1:colcon.colcon_core.package_identification:_identify(src) by extensions ['ignore', 'ignore_ament_install']
[1.123s] Level 1:colcon.colcon_core.package_identification:_identify(src) by extension 'ignore'
[1.123s] Level 1:colcon.colcon_core.package_identification:_identify(src) by extension 'ignore_ament_install'
[1.123s] Level 1:colcon.colcon_core.package_identification:_identify(src) by extensions ['colcon_pkg']
[1.123s] Level 1:colcon.colcon_core.package_identification:_identify(src) by extension 'colcon_pkg'
[1.123s] Level 1:colcon.colcon_core.package_identification:_identify(src) by extensions ['colcon_meta']
[1.123s] Level 1:colcon.colcon_core.package_identification:_identify(src) by extension 'colcon_meta'
[1.123s] Level 1:colcon.colcon_core.package_identification:_identify(src) by extensions ['ros']
[1.123s] Level 1:colcon.colcon_core.package_identification:_identify(src) by extension 'ros'
[1.124s] Level 1:colcon.colcon_core.package_identification:_identify(src) by extensions ['cmake', 'python']
[1.124s] Level 1:colcon.colcon_core.package_identification:_identify(src) by extension 'cmake'
[1.124s] Level 1:colcon.colcon_core.package_identification:_identify(src) by extension 'python'
[1.124s] Level 1:colcon.colcon_core.package_identification:_identify(src) by extensions ['python_setup_py']
[1.124s] Level 1:colcon.colcon_core.package_identification:_identify(src) by extension 'python_setup_py'
[1.124s] Level 1:colcon.colcon_core.package_identification:_identify(src/urdf_humble_test) by extensions ['ignore', 'ignore_ament_install']
[1.124s] Level 1:colcon.colcon_core.package_identification:_identify(src/urdf_humble_test) by extension 'ignore'
[1.124s] Level 1:colcon.colcon_core.package_identification:_identify(src/urdf_humble_test) by extension 'ignore_ament_install'
[1.124s] Level 1:colcon.colcon_core.package_identification:_identify(src/urdf_humble_test) by extensions ['colcon_pkg']
[1.125s] Level 1:colcon.colcon_core.package_identification:_identify(src/urdf_humble_test) by extension 'colcon_pkg'
[1.125s] Level 1:colcon.colcon_core.package_identification:_identify(src/urdf_humble_test) by extensions ['colcon_meta']
[1.125s] Level 1:colcon.colcon_core.package_identification:_identify(src/urdf_humble_test) by extension 'colcon_meta'
[1.125s] Level 1:colcon.colcon_core.package_identification:_identify(src/urdf_humble_test) by extensions ['ros']
[1.125s] Level 1:colcon.colcon_core.package_identification:_identify(src/urdf_humble_test) by extension 'ros'
[1.130s] DEBUG:colcon.colcon_core.package_identification:Package 'src/urdf_humble_test' with type 'ros.ament_cmake' and name 'urdf_humble_test'
[1.130s] Level 1:colcon.colcon_core.package_discovery:discover_packages(recursive) using defaults
[1.130s] Level 1:colcon.colcon_core.package_discovery:discover_packages(ignore) discover
[1.130s] Level 1:colcon.colcon_core.package_discovery:discover_packages(ignore) using defaults
[1.130s] Level 1:colcon.colcon_core.package_discovery:discover_packages(path) discover
[1.130s] Level 1:colcon.colcon_core.package_discovery:discover_packages(path) using defaults
[1.194s] Level 1:colcon.colcon_core.package_discovery:discover_packages(prefix_path) check parameters
[1.194s] Level 1:colcon.colcon_core.package_discovery:discover_packages(prefix_path) discover
[1.198s] DEBUG:colcon.colcon_installed_package_information.package_discovery:Found 1 installed packages in /home/shouviks/shouvik/19092025_urdf/ws_humble_urdf/install
[1.201s] DEBUG:colcon.colcon_installed_package_information.package_discovery:Found 271 installed packages in /opt/ros/humble
[1.204s] Level 1:colcon.colcon_core.package_discovery:discover_packages(prefix_path) using defaults
[1.290s] Level 5:colcon.colcon_core.verb:set package 'urdf_humble_test' build argument 'cmake_args' from command line to 'None'
[1.290s] Level 5:colcon.colcon_core.verb:set package 'urdf_humble_test' build argument 'cmake_target' from command line to 'None'
[1.290s] Level 5:colcon.colcon_core.verb:set package 'urdf_humble_test' build argument 'cmake_target_skip_unavailable' from command line to 'False'
[1.290s] Level 5:colcon.colcon_core.verb:set package 'urdf_humble_test' build argument 'cmake_clean_cache' from command line to 'False'
[1.290s] Level 5:colcon.colcon_core.verb:set package 'urdf_humble_test' build argument 'cmake_clean_first' from command line to 'False'
[1.290s] Level 5:colcon.colcon_core.verb:set package 'urdf_humble_test' build argument 'cmake_force_configure' from command line to 'False'
[1.290s] Level 5:colcon.colcon_core.verb:set package 'urdf_humble_test' build argument 'ament_cmake_args' from command line to 'None'
[1.290s] Level 5:colcon.colcon_core.verb:set package 'urdf_humble_test' build argument 'catkin_cmake_args' from command line to 'None'
[1.290s] Level 5:colcon.colcon_core.verb:set package 'urdf_humble_test' build argument 'catkin_skip_building_tests' from command line to 'False'
[1.290s] DEBUG:colcon.colcon_core.verb:Building package 'urdf_humble_test' with the following arguments: {'ament_cmake_args': None, 'build_base': '/home/shouviks/shouvik/19092025_urdf/ws_humble_urdf/build/urdf_humble_test', 'catkin_cmake_args': None, 'catkin_skip_building_tests': False, 'cmake_args': None, 'cmake_clean_cache': False, 'cmake_clean_first': False, 'cmake_force_configure': False, 'cmake_target': None, 'cmake_target_skip_unavailable': False, 'install_base': '/home/shouviks/shouvik/19092025_urdf/ws_humble_urdf/install/urdf_humble_test', 'merge_install': False, 'path': '/home/shouviks/shouvik/19092025_urdf/ws_humble_urdf/src/urdf_humble_test', 'symlink_install': False, 'test_result_base': None}
[1.291s] INFO:colcon.colcon_core.executor:Executing jobs using 'parallel' executor
[1.293s] DEBUG:colcon.colcon_parallel_executor.executor.parallel:run_until_complete
[1.293s] INFO:colcon.colcon_ros.task.ament_cmake.build:Building ROS package in '/home/shouviks/shouvik/19092025_urdf/ws_humble_urdf/src/urdf_humble_test' with build type 'ament_cmake'
[1.293s] INFO:colcon.colcon_cmake.task.cmake.build:Building CMake package in '/home/shouviks/shouvik/19092025_urdf/ws_humble_urdf/src/urdf_humble_test'
[1.299s] INFO:colcon.colcon_core.plugin_system:Skipping extension 'colcon_core.shell.bat': Not used on non-Windows systems
[1.300s] INFO:colcon.colcon_core.shell:Skip shell extension 'powershell' for command environment: Not usable outside of PowerShell
[1.300s] DEBUG:colcon.colcon_core.shell:Skip shell extension 'dsv' for command environment
[1.329s] DEBUG:colcon.colcon_core.event_handler.log_command:Invoking command in '/home/shouviks/shouvik/19092025_urdf/ws_humble_urdf/build/urdf_humble_test': CMAKE_PREFIX_PATH=${CMAKE_PREFIX_PATH}:/opt/ros/humble /usr/bin/cmake --build /home/shouviks/shouvik/19092025_urdf/ws_humble_urdf/build/urdf_humble_test -- -j16 -l16
[1.436s] DEBUG:colcon.colcon_core.event_handler.log_command:Invoked command in '/home/shouviks/shouvik/19092025_urdf/ws_humble_urdf/build/urdf_humble_test' returned '0': CMAKE_PREFIX_PATH=${CMAKE_PREFIX_PATH}:/opt/ros/humble /usr/bin/cmake --build /home/shouviks/shouvik/19092025_urdf/ws_humble_urdf/build/urdf_humble_test -- -j16 -l16
[1.463s] DEBUG:colcon.colcon_core.event_handler.log_command:Invoking command in '/home/shouviks/shouvik/19092025_urdf/ws_humble_urdf/build/urdf_humble_test': CMAKE_PREFIX_PATH=${CMAKE_PREFIX_PATH}:/opt/ros/humble /usr/bin/cmake --install /home/shouviks/shouvik/19092025_urdf/ws_humble_urdf/build/urdf_humble_test
[1.492s] Level 1:colcon.colcon_core.environment:create_environment_scripts_only(urdf_humble_test)
[1.493s] DEBUG:colcon.colcon_core.event_handler.log_command:Invoked command in '/home/shouviks/shouvik/19092025_urdf/ws_humble_urdf/build/urdf_humble_test' returned '0': CMAKE_PREFIX_PATH=${CMAKE_PREFIX_PATH}:/opt/ros/humble /usr/bin/cmake --install /home/shouviks/shouvik/19092025_urdf/ws_humble_urdf/build/urdf_humble_test
[1.500s] Level 1:colcon.colcon_core.environment:checking '/home/shouviks/shouvik/19092025_urdf/ws_humble_urdf/install/urdf_humble_test' for CMake module files
[1.501s] Level 1:colcon.colcon_core.environment:checking '/home/shouviks/shouvik/19092025_urdf/ws_humble_urdf/install/urdf_humble_test' for CMake config files
[1.502s] Level 1:colcon.colcon_core.shell:create_environment_hook('urdf_humble_test', 'cmake_prefix_path')
[1.503s] INFO:colcon.colcon_core.shell:Creating environment hook '/home/shouviks/shouvik/19092025_urdf/ws_humble_urdf/install/urdf_humble_test/share/urdf_humble_test/hook/cmake_prefix_path.ps1'
[1.504s] INFO:colcon.colcon_core.shell:Creating environment descriptor '/home/shouviks/shouvik/19092025_urdf/ws_humble_urdf/install/urdf_humble_test/share/urdf_humble_test/hook/cmake_prefix_path.dsv'
[1.505s] INFO:colcon.colcon_core.shell:Creating environment hook '/home/shouviks/shouvik/19092025_urdf/ws_humble_urdf/install/urdf_humble_test/share/urdf_humble_test/hook/cmake_prefix_path.sh'
[1.507s] Level 1:colcon.colcon_core.environment:checking '/home/shouviks/shouvik/19092025_urdf/ws_humble_urdf/install/urdf_humble_test/bin'
[1.508s] Level 1:colcon.colcon_core.environment:checking '/home/shouviks/shouvik/19092025_urdf/ws_humble_urdf/install/urdf_humble_test/lib/pkgconfig/urdf_humble_test.pc'
[1.508s] Level 1:colcon.colcon_core.environment:checking '/home/shouviks/shouvik/19092025_urdf/ws_humble_urdf/install/urdf_humble_test/lib/python3.10/site-packages'
[1.509s] Level 1:colcon.colcon_core.environment:checking '/home/shouviks/shouvik/19092025_urdf/ws_humble_urdf/install/urdf_humble_test/bin'
[1.510s] INFO:colcon.colcon_core.shell:Creating package script '/home/shouviks/shouvik/19092025_urdf/ws_humble_urdf/install/urdf_humble_test/share/urdf_humble_test/package.ps1'
[1.512s] INFO:colcon.colcon_core.shell:Creating package descriptor '/home/shouviks/shouvik/19092025_urdf/ws_humble_urdf/install/urdf_humble_test/share/urdf_humble_test/package.dsv'
[1.513s] INFO:colcon.colcon_core.shell:Creating package script '/home/shouviks/shouvik/19092025_urdf/ws_humble_urdf/install/urdf_humble_test/share/urdf_humble_test/package.sh'
[1.514s] INFO:colcon.colcon_core.shell:Creating package script '/home/shouviks/shouvik/19092025_urdf/ws_humble_urdf/install/urdf_humble_test/share/urdf_humble_test/package.bash'
[1.516s] INFO:colcon.colcon_core.shell:Creating package script '/home/shouviks/shouvik/19092025_urdf/ws_humble_urdf/install/urdf_humble_test/share/urdf_humble_test/package.zsh'
[1.517s] Level 1:colcon.colcon_core.environment:create_file_with_runtime_dependencies(/home/shouviks/shouvik/19092025_urdf/ws_humble_urdf/install/urdf_humble_test/share/colcon-core/packages/urdf_humble_test)
[1.519s] Level 1:colcon.colcon_core.environment:create_environment_scripts_only(urdf_humble_test)
[1.519s] Level 1:colcon.colcon_core.environment:checking '/home/shouviks/shouvik/19092025_urdf/ws_humble_urdf/install/urdf_humble_test' for CMake module files
[1.520s] Level 1:colcon.colcon_core.environment:checking '/home/shouviks/shouvik/19092025_urdf/ws_humble_urdf/install/urdf_humble_test' for CMake config files
[1.521s] Level 1:colcon.colcon_core.shell:create_environment_hook('urdf_humble_test', 'cmake_prefix_path')
[1.521s] INFO:colcon.colcon_core.shell:Creating environment hook '/home/shouviks/shouvik/19092025_urdf/ws_humble_urdf/install/urdf_humble_test/share/urdf_humble_test/hook/cmake_prefix_path.ps1'
[1.522s] INFO:colcon.colcon_core.shell:Creating environment descriptor '/home/shouviks/shouvik/19092025_urdf/ws_humble_urdf/install/urdf_humble_test/share/urdf_humble_test/hook/cmake_prefix_path.dsv'
[1.523s] INFO:colcon.colcon_core.shell:Creating environment hook '/home/shouviks/shouvik/19092025_urdf/ws_humble_urdf/install/urdf_humble_test/share/urdf_humble_test/hook/cmake_prefix_path.sh'
[1.524s] Level 1:colcon.colcon_core.environment:checking '/home/shouviks/shouvik/19092025_urdf/ws_humble_urdf/install/urdf_humble_test/bin'
[1.524s] Level 1:colcon.colcon_core.environment:checking '/home/shouviks/shouvik/19092025_urdf/ws_humble_urdf/install/urdf_humble_test/lib/pkgconfig/urdf_humble_test.pc'
[1.525s] Level 1:colcon.colcon_core.environment:checking '/home/shouviks/shouvik/19092025_urdf/ws_humble_urdf/install/urdf_humble_test/lib/python3.10/site-packages'
[1.525s] Level 1:colcon.colcon_core.environment:checking '/home/shouviks/shouvik/19092025_urdf/ws_humble_urdf/install/urdf_humble_test/bin'
[1.526s] INFO:colcon.colcon_core.shell:Creating package script '/home/shouviks/shouvik/19092025_urdf/ws_humble_urdf/install/urdf_humble_test/share/urdf_humble_test/package.ps1'
[1.527s] INFO:colcon.colcon_core.shell:Creating package descriptor '/home/shouviks/shouvik/19092025_urdf/ws_humble_urdf/install/urdf_humble_test/share/urdf_humble_test/package.dsv'
[1.529s] INFO:colcon.colcon_core.shell:Creating package script '/home/shouviks/shouvik/19092025_urdf/ws_humble_urdf/install/urdf_humble_test/share/urdf_humble_test/package.sh'
[1.530s] INFO:colcon.colcon_core.shell:Creating package script '/home/shouviks/shouvik/19092025_urdf/ws_humble_urdf/install/urdf_humble_test/share/urdf_humble_test/package.bash'
[1.531s] INFO:colcon.colcon_core.shell:Creating package script '/home/shouviks/shouvik/19092025_urdf/ws_humble_urdf/install/urdf_humble_test/share/urdf_humble_test/package.zsh'
[1.532s] Level 1:colcon.colcon_core.environment:create_file_with_runtime_dependencies(/home/shouviks/shouvik/19092025_urdf/ws_humble_urdf/install/urdf_humble_test/share/colcon-core/packages/urdf_humble_test)
[1.533s] DEBUG:colcon.colcon_parallel_executor.executor.parallel:closing loop
[1.534s] DEBUG:colcon.colcon_parallel_executor.executor.parallel:loop closed
[1.535s] DEBUG:colcon.colcon_parallel_executor.executor.parallel:run_until_complete finished with '0'
[1.535s] DEBUG:colcon.colcon_core.event_reactor:joining thread
[1.746s] INFO:colcon.colcon_core.plugin_system:Skipping extension 'colcon_notification.desktop_notification.notify_send': Could not find 'notify-send'
[1.746s] INFO:colcon.colcon_core.plugin_system:Skipping extension 'colcon_notification.desktop_notification.terminal_notifier': Not used on non-Darwin systems
[1.746s] INFO:colcon.colcon_core.plugin_system:Skipping extension 'colcon_notification.desktop_notification.win32': Not used on non-Windows systems
[1.746s] INFO:colcon.colcon_notification.desktop_notification:Sending desktop notification using 'notify2'
[1.747s] DEBUG:colcon.colcon_notification.desktop_notification.notify2:Failed to initialize notify2: org.freedesktop.DBus.Error.FileNotFound: Failed to connect to socket /run/user/1000/bus: No such file or directory
[1.747s] DEBUG:colcon.colcon_core.event_reactor:joined thread
[1.748s] INFO:colcon.colcon_core.shell:Creating prefix script '/home/shouviks/shouvik/19092025_urdf/ws_humble_urdf/install/local_setup.ps1'
[1.749s] INFO:colcon.colcon_core.shell:Creating prefix util module '/home/shouviks/shouvik/19092025_urdf/ws_humble_urdf/install/_local_setup_util_ps1.py'
[1.752s] INFO:colcon.colcon_core.shell:Creating prefix chain script '/home/shouviks/shouvik/19092025_urdf/ws_humble_urdf/install/setup.ps1'
[1.754s] INFO:colcon.colcon_core.shell:Creating prefix script '/home/shouviks/shouvik/19092025_urdf/ws_humble_urdf/install/local_setup.sh'
[1.756s] INFO:colcon.colcon_core.shell:Creating prefix util module '/home/shouviks/shouvik/19092025_urdf/ws_humble_urdf/install/_local_setup_util_sh.py'
[1.757s] INFO:colcon.colcon_core.shell:Creating prefix chain script '/home/shouviks/shouvik/19092025_urdf/ws_humble_urdf/install/setup.sh'
[1.759s] INFO:colcon.colcon_core.shell:Creating prefix script '/home/shouviks/shouvik/19092025_urdf/ws_humble_urdf/install/local_setup.bash'
[1.760s] INFO:colcon.colcon_core.shell:Creating prefix chain script '/home/shouviks/shouvik/19092025_urdf/ws_humble_urdf/install/setup.bash'
[1.763s] INFO:colcon.colcon_core.shell:Creating prefix script '/home/shouviks/shouvik/19092025_urdf/ws_humble_urdf/install/local_setup.zsh'
[1.764s] INFO:colcon.colcon_core.shell:Creating prefix chain script '/home/shouviks/shouvik/19092025_urdf/ws_humble_urdf/install/setup.zsh'
