[0.034s] Invoking command in '/home/shouviks/shouvik/Day5/demo_ws/build/demo_robot': CMAKE_PREFIX_PATH=${CMAKE_PREFIX_PATH}:/opt/ros/humble /usr/bin/cmake --build /home/shouviks/shouvik/Day5/demo_ws/build/demo_robot -- -j16 -l16
[0.244s] [ 50%] [32mBuilding CXX object CMakeFiles/test_tf1.dir/src/test1.cpp.o[0m
[0.244s] [ 75%] Built target test_tf2
[8.419s] [100%] [32m[1mLinking CXX executable test_tf1[0m
[9.247s] [100%] Built target test_tf1
[9.272s] Invoked command in '/home/shouviks/shouvik/Day5/demo_ws/build/demo_robot' returned '0': CMAKE_PREFIX_PATH=${CMAKE_PREFIX_PATH}:/opt/ros/humble /usr/bin/cmake --build /home/shouviks/shouvik/Day5/demo_ws/build/demo_robot -- -j16 -l16
[9.295s] Invoking command in '/home/shouviks/shouvik/Day5/demo_ws/build/demo_robot': CMAKE_PREFIX_PATH=${CMAKE_PREFIX_PATH}:/opt/ros/humble /usr/bin/cmake --install /home/shouviks/shouvik/Day5/demo_ws/build/demo_robot
[9.309s] -- Install configuration: ""
[9.311s] -- Execute custom install script
[9.312s] -- Up-to-date symlink: /home/shouviks/shouvik/Day5/demo_ws/install/demo_robot/lib/demo_robot/test_tf1
[9.313s] -- Up-to-date symlink: /home/shouviks/shouvik/Day5/demo_ws/install/demo_robot/lib/demo_robot/test_tf2
[9.316s] [33mCMake Warning (dev) at ament_cmake_symlink_install/ament_cmake_symlink_install.cmake:62 (file):
[9.316s]   Policy CMP0009 is not set: FILE GLOB_RECURSE calls should not follow
[9.316s]   symlinks by default.  Run "cmake --help-policy CMP0009" for policy details.
[9.316s]   Use the cmake_policy command to set the policy and suppress this warning.
[9.316s] Call Stack (most recent call first):
[9.316s]   ament_cmake_symlink_install/ament_cmake_symlink_install.cmake:320 (ament_cmake_symlink_install_directory)
[9.317s]   cmake_install.cmake:46 (include)
[9.317s] This warning is for project developers.  Use -Wno-dev to suppress it.
[9.317s] [0m
[9.317s] -- Up-to-date symlink: /home/shouviks/shouvik/Day5/demo_ws/install/demo_robot/share/demo_robot/launch/build/.built_by
[9.317s] -- Up-to-date symlink: /home/shouviks/shouvik/Day5/demo_ws/install/demo_robot/share/demo_robot/launch/build/COLCON_IGNORE
[9.318s] -- Up-to-date symlink: /home/shouviks/shouvik/Day5/demo_ws/install/demo_robot/share/demo_robot/launch/display.launch.py
[9.318s] -- Up-to-date symlink: /home/shouviks/shouvik/Day5/demo_ws/install/demo_robot/share/demo_robot/launch/install/.colcon_install_layout
[9.319s] -- Up-to-date symlink: /home/shouviks/shouvik/Day5/demo_ws/install/demo_robot/share/demo_robot/launch/install/COLCON_IGNORE
[9.319s] -- Up-to-date symlink: /home/shouviks/shouvik/Day5/demo_ws/install/demo_robot/share/demo_robot/launch/install/_local_setup_util_ps1.py
[9.320s] -- Up-to-date symlink: /home/shouviks/shouvik/Day5/demo_ws/install/demo_robot/share/demo_robot/launch/install/_local_setup_util_sh.py
[9.320s] -- Up-to-date symlink: /home/shouviks/shouvik/Day5/demo_ws/install/demo_robot/share/demo_robot/launch/install/local_setup.bash
[9.321s] -- Up-to-date symlink: /home/shouviks/shouvik/Day5/demo_ws/install/demo_robot/share/demo_robot/launch/install/local_setup.ps1
[9.321s] -- Up-to-date symlink: /home/shouviks/shouvik/Day5/demo_ws/install/demo_robot/share/demo_robot/launch/install/local_setup.sh
[9.321s] -- Up-to-date symlink: /home/shouviks/shouvik/Day5/demo_ws/install/demo_robot/share/demo_robot/launch/install/local_setup.zsh
[9.322s] -- Up-to-date symlink: /home/shouviks/shouvik/Day5/demo_ws/install/demo_robot/share/demo_robot/launch/install/setup.bash
[9.322s] -- Up-to-date symlink: /home/shouviks/shouvik/Day5/demo_ws/install/demo_robot/share/demo_robot/launch/install/setup.ps1
[9.323s] -- Up-to-date symlink: /home/shouviks/shouvik/Day5/demo_ws/install/demo_robot/share/demo_robot/launch/install/setup.sh
[9.323s] -- Up-to-date symlink: /home/shouviks/shouvik/Day5/demo_ws/install/demo_robot/share/demo_robot/launch/install/setup.zsh
[9.323s] -- Up-to-date symlink: /home/shouviks/shouvik/Day5/demo_ws/install/demo_robot/share/demo_robot/launch/log/COLCON_IGNORE
[9.324s] -- Up-to-date symlink: /home/shouviks/shouvik/Day5/demo_ws/install/demo_robot/share/demo_robot/launch/log/build_2025-10-10_11-55-20/events.log
[9.324s] -- Up-to-date symlink: /home/shouviks/shouvik/Day5/demo_ws/install/demo_robot/share/demo_robot/launch/log/build_2025-10-10_11-55-20/logger_all.log
[9.325s] -- Up-to-date symlink: /home/shouviks/shouvik/Day5/demo_ws/install/demo_robot/share/demo_robot/launch/log/latest/events.log
[9.325s] -- Up-to-date symlink: /home/shouviks/shouvik/Day5/demo_ws/install/demo_robot/share/demo_robot/launch/log/latest/logger_all.log
[9.325s] -- Up-to-date symlink: /home/shouviks/shouvik/Day5/demo_ws/install/demo_robot/share/demo_robot/launch/log/latest_build/events.log
[9.326s] -- Up-to-date symlink: /home/shouviks/shouvik/Day5/demo_ws/install/demo_robot/share/demo_robot/launch/log/latest_build/logger_all.log
[9.327s] -- Up-to-date symlink: /home/shouviks/shouvik/Day5/demo_ws/install/demo_robot/share/demo_robot/urdf/model.urdf
[9.328s] -- Symlinking: /home/shouviks/shouvik/Day5/demo_ws/install/demo_robot/share/demo_robot/config/config.rviz
[9.349s] -- Up-to-date symlink: /home/shouviks/shouvik/Day5/demo_ws/install/demo_robot/share/ament_index/resource_index/package_run_dependencies/demo_robot
[9.350s] -- Up-to-date symlink: /home/shouviks/shouvik/Day5/demo_ws/install/demo_robot/share/ament_index/resource_index/parent_prefix_path/demo_robot
[9.350s] -- Up-to-date symlink: /home/shouviks/shouvik/Day5/demo_ws/install/demo_robot/share/demo_robot/environment/ament_prefix_path.sh
[9.350s] -- Up-to-date symlink: /home/shouviks/shouvik/Day5/demo_ws/install/demo_robot/share/demo_robot/environment/ament_prefix_path.dsv
[9.351s] -- Up-to-date symlink: /home/shouviks/shouvik/Day5/demo_ws/install/demo_robot/share/demo_robot/environment/path.sh
[9.351s] -- Up-to-date symlink: /home/shouviks/shouvik/Day5/demo_ws/install/demo_robot/share/demo_robot/environment/path.dsv
[9.352s] -- Up-to-date symlink: /home/shouviks/shouvik/Day5/demo_ws/install/demo_robot/share/demo_robot/local_setup.bash
[9.352s] -- Up-to-date symlink: /home/shouviks/shouvik/Day5/demo_ws/install/demo_robot/share/demo_robot/local_setup.sh
[9.353s] -- Up-to-date symlink: /home/shouviks/shouvik/Day5/demo_ws/install/demo_robot/share/demo_robot/local_setup.zsh
[9.353s] -- Up-to-date symlink: /home/shouviks/shouvik/Day5/demo_ws/install/demo_robot/share/demo_robot/local_setup.dsv
[9.353s] -- Symlinking: /home/shouviks/shouvik/Day5/demo_ws/install/demo_robot/share/demo_robot/package.dsv
[9.373s] -- Up-to-date symlink: /home/shouviks/shouvik/Day5/demo_ws/install/demo_robot/share/ament_index/resource_index/packages/demo_robot
[9.373s] -- Up-to-date symlink: /home/shouviks/shouvik/Day5/demo_ws/install/demo_robot/share/demo_robot/cmake/demo_robotConfig.cmake
[9.374s] -- Up-to-date symlink: /home/shouviks/shouvik/Day5/demo_ws/install/demo_robot/share/demo_robot/cmake/demo_robotConfig-version.cmake
[9.374s] -- Up-to-date symlink: /home/shouviks/shouvik/Day5/demo_ws/install/demo_robot/share/demo_robot/package.xml
[9.379s] Invoked command in '/home/shouviks/shouvik/Day5/demo_ws/build/demo_robot' returned '0': CMAKE_PREFIX_PATH=${CMAKE_PREFIX_PATH}:/opt/ros/humble /usr/bin/cmake --install /home/shouviks/shouvik/Day5/demo_ws/build/demo_robot
