[0.012s] Invoking command in '/home/shouviks/shouvik/Day5/demo_ws/build/demo_robot': CMAKE_PREFIX_PATH=/opt/ros/humble /usr/bin/cmake /home/shouviks/shouvik/Day5/demo_ws/src/demo_robot -DAMENT_CMAKE_SYMLINK_INSTALL=1 -DCMAKE_INSTALL_PREFIX=/home/shouviks/shouvik/Day5/demo_ws/install/demo_robot
[0.025s] -- Found ament_cmake: 1.3.12 (/opt/ros/humble/share/ament_cmake/cmake)
[0.134s] -- Override CMake install command with custom implementation using symlinks instead of copying resources
[0.140s] -- Found tf2_ros: 0.25.16 (/opt/ros/humble/share/tf2_ros/cmake)
[0.351s] -- Found rosidl_generator_c: 3.1.7 (/opt/ros/humble/share/rosidl_generator_c/cmake)
[0.353s] -- Found rosidl_adapter: 3.1.7 (/opt/ros/humble/share/rosidl_adapter/cmake)
[0.357s] -- Found rosidl_generator_cpp: 3.1.7 (/opt/ros/humble/share/rosidl_generator_cpp/cmake)
[0.365s] -- Using all available rosidl_typesupport_c: rosidl_typesupport_fastrtps_c;rosidl_typesupport_introspection_c
[0.375s] -- Using all available rosidl_typesupport_cpp: rosidl_typesupport_fastrtps_cpp;rosidl_typesupport_introspection_cpp
[0.418s] -- Found rmw_implementation_cmake: 6.1.2 (/opt/ros/humble/share/rmw_implementation_cmake/cmake)
[0.419s] -- Found rmw_fastrtps_cpp: 6.2.8 (/opt/ros/humble/share/rmw_fastrtps_cpp/cmake)
[8.381s] -- Using RMW implementation 'rmw_fastrtps_cpp' as default
[8.480s] -- Found tf2_geometry_msgs: 0.25.16 (/opt/ros/humble/share/tf2_geometry_msgs/cmake)
[8.573s] -- Found eigen3_cmake_module: 0.1.1 (/opt/ros/humble/share/eigen3_cmake_module/cmake)
[8.575s] -- Found Eigen3: TRUE (found version "3.4.0") 
[8.575s] -- Ensuring Eigen3 include directory is part of orocos-kdl CMake target
[8.580s] -- Found ament_lint_auto: 0.12.14 (/opt/ros/humble/share/ament_lint_auto/cmake)
[8.675s] -- Added test 'cppcheck' to perform static code analysis on C / C++ code
[8.675s] -- Configured cppcheck include dirs: 
[8.675s] -- Configured cppcheck exclude dirs and/or files: 
[8.677s] -- Added test 'flake8' to check Python code syntax and style conventions
[8.678s] -- Added test 'lint_cmake' to check CMake code style
[8.679s] -- Added test 'pep257' to check Python code against some of the docstring style conventions in PEP 257
[8.681s] -- Added test 'uncrustify' to check C / C++ code style
[8.681s] -- Configured uncrustify additional arguments: 
[8.682s] -- Added test 'xmllint' to check XML markup files
[8.686s] -- Configuring done
[8.710s] -- Generating done
[8.716s] -- Build files have been written to: /home/shouviks/shouvik/Day5/demo_ws/build/demo_robot
[8.729s] Invoked command in '/home/shouviks/shouvik/Day5/demo_ws/build/demo_robot' returned '0': CMAKE_PREFIX_PATH=/opt/ros/humble /usr/bin/cmake /home/shouviks/shouvik/Day5/demo_ws/src/demo_robot -DAMENT_CMAKE_SYMLINK_INSTALL=1 -DCMAKE_INSTALL_PREFIX=/home/shouviks/shouvik/Day5/demo_ws/install/demo_robot
[8.730s] Invoking command in '/home/shouviks/shouvik/Day5/demo_ws/build/demo_robot': CMAKE_PREFIX_PATH=/opt/ros/humble /usr/bin/cmake --build /home/shouviks/shouvik/Day5/demo_ws/build/demo_robot -- -j16 -l16
[8.792s] [ 25%] [32mBuilding CXX object CMakeFiles/test_tf1.dir/src/test1.cpp.o[0m
[8.793s] [ 50%] [32mBuilding CXX object CMakeFiles/test_tf2.dir/src/test2.cpp.o[0m
[13.713s] [100%] [32m[1mLinking CXX executable test_tf2[0m
[13.714s] [100%] [32m[1mLinking CXX executable test_tf1[0m
[14.117s] [100%] Built target test_tf2
[14.117s] [100%] Built target test_tf1
[14.131s] Invoked command in '/home/shouviks/shouvik/Day5/demo_ws/build/demo_robot' returned '0': CMAKE_PREFIX_PATH=/opt/ros/humble /usr/bin/cmake --build /home/shouviks/shouvik/Day5/demo_ws/build/demo_robot -- -j16 -l16
[14.144s] Invoking command in '/home/shouviks/shouvik/Day5/demo_ws/build/demo_robot': CMAKE_PREFIX_PATH=/opt/ros/humble /usr/bin/cmake --install /home/shouviks/shouvik/Day5/demo_ws/build/demo_robot
[14.152s] -- Install configuration: ""
[14.153s] -- Execute custom install script
[14.154s] -- Symlinking: /home/shouviks/shouvik/Day5/demo_ws/install/demo_robot/lib/demo_robot/test_tf1
[14.165s] -- Symlinking: /home/shouviks/shouvik/Day5/demo_ws/install/demo_robot/lib/demo_robot/test_tf2
[14.178s] -- Symlinking: /home/shouviks/shouvik/Day5/demo_ws/install/demo_robot/share/demo_robot/launch/display.launch.py
[14.189s] -- Symlinking: /home/shouviks/shouvik/Day5/demo_ws/install/demo_robot/share/demo_robot/urdf/model.urdf
[14.201s] -- Symlinking: /home/shouviks/shouvik/Day5/demo_ws/install/demo_robot/share/ament_index/resource_index/package_run_dependencies/demo_robot
[14.212s] -- Symlinking: /home/shouviks/shouvik/Day5/demo_ws/install/demo_robot/share/ament_index/resource_index/parent_prefix_path/demo_robot
[14.225s] -- Symlinking: /home/shouviks/shouvik/Day5/demo_ws/install/demo_robot/share/demo_robot/environment/ament_prefix_path.sh
[14.236s] -- Symlinking: /home/shouviks/shouvik/Day5/demo_ws/install/demo_robot/share/demo_robot/environment/ament_prefix_path.dsv
[14.246s] -- Symlinking: /home/shouviks/shouvik/Day5/demo_ws/install/demo_robot/share/demo_robot/environment/path.sh
[14.258s] -- Symlinking: /home/shouviks/shouvik/Day5/demo_ws/install/demo_robot/share/demo_robot/environment/path.dsv
[14.269s] -- Symlinking: /home/shouviks/shouvik/Day5/demo_ws/install/demo_robot/share/demo_robot/local_setup.bash
[14.279s] -- Symlinking: /home/shouviks/shouvik/Day5/demo_ws/install/demo_robot/share/demo_robot/local_setup.sh
[14.290s] -- Symlinking: /home/shouviks/shouvik/Day5/demo_ws/install/demo_robot/share/demo_robot/local_setup.zsh
[14.300s] -- Symlinking: /home/shouviks/shouvik/Day5/demo_ws/install/demo_robot/share/demo_robot/local_setup.dsv
[14.311s] -- Symlinking: /home/shouviks/shouvik/Day5/demo_ws/install/demo_robot/share/demo_robot/package.dsv
[14.323s] -- Symlinking: /home/shouviks/shouvik/Day5/demo_ws/install/demo_robot/share/ament_index/resource_index/packages/demo_robot
[14.335s] -- Symlinking: /home/shouviks/shouvik/Day5/demo_ws/install/demo_robot/share/demo_robot/cmake/demo_robotConfig.cmake
[14.346s] -- Symlinking: /home/shouviks/shouvik/Day5/demo_ws/install/demo_robot/share/demo_robot/cmake/demo_robotConfig-version.cmake
[14.356s] -- Symlinking: /home/shouviks/shouvik/Day5/demo_ws/install/demo_robot/share/demo_robot/package.xml
[14.370s] Invoked command in '/home/shouviks/shouvik/Day5/demo_ws/build/demo_robot' returned '0': CMAKE_PREFIX_PATH=/opt/ros/humble /usr/bin/cmake --install /home/shouviks/shouvik/Day5/demo_ws/build/demo_robot
