[1.126s] DEBUG:colcon:Command line arguments: ['/usr/bin/colcon', 'build']
[1.126s] DEBUG:colcon:Parsed command line arguments: Namespace(log_base=None, log_level=None, verb_name='build', build_base='build', install_base='install', merge_install=False, symlink_install=False, test_result_base=None, continue_on_error=False, executor='parallel', parallel_workers=16, event_handlers=None, ignore_user_meta=False, metas=['./colcon.meta'], base_paths=['.'], packages_ignore=None, packages_ignore_regex=None, paths=None, packages_up_to=None, packages_up_to_regex=None, packages_above=None, packages_above_and_dependencies=None, packages_above_depth=None, packages_select_by_dep=None, packages_skip_by_dep=None, packages_skip_up_to=None, packages_select_build_failed=False, packages_skip_build_finished=False, packages_select_test_failures=False, packages_skip_test_passed=False, packages_select=None, packages_skip=None, packages_select_regex=None, packages_skip_regex=None, packages_start=None, packages_end=None, allow_overriding=[], cmake_args=None, cmake_target=None, cmake_target_skip_unavailable=False, cmake_clean_cache=False, cmake_clean_first=False, cmake_force_configure=False, ament_cmake_args=None, catkin_cmake_args=None, catkin_skip_building_tests=False, mixin_files=None, mixin=None, verb_parser=<colcon_mixin.mixin.mixin_argument.MixinArgumentDecorator object at 0x7392e0441150>, verb_extension=<colcon_core.verb.build.BuildVerb object at 0x7392e0440b80>, main=<bound method BuildVerb.main of <colcon_core.verb.build.BuildVerb object at 0x7392e0440b80>>, mixin_verb=('build',))
[2.024s] Level 1:colcon.colcon_core.package_discovery:discover_packages(colcon_meta) check parameters
[2.024s] Level 1:colcon.colcon_core.package_discovery:discover_packages(recursive) check parameters
[2.024s] Level 1:colcon.colcon_core.package_discovery:discover_packages(ignore) check parameters
[2.024s] Level 1:colcon.colcon_core.package_discovery:discover_packages(path) check parameters
[2.024s] Level 1:colcon.colcon_core.package_discovery:discover_packages(colcon_meta) discover
[2.024s] Level 1:colcon.colcon_core.package_discovery:discover_packages(recursive) discover
[2.025s] INFO:colcon.colcon_core.package_discovery:Crawling recursively for packages in '/home/shouviks/shouvik/19092025_urdf/ws_humble_urdf'
[2.026s] Level 1:colcon.colcon_core.package_identification:_identify(.) by extensions ['ignore', 'ignore_ament_install']
[2.026s] Level 1:colcon.colcon_core.package_identification:_identify(.) by extension 'ignore'
[2.026s] Level 1:colcon.colcon_core.package_identification:_identify(.) by extension 'ignore_ament_install'
[2.026s] Level 1:colcon.colcon_core.package_identification:_identify(.) by extensions ['colcon_pkg']
[2.026s] Level 1:colcon.colcon_core.package_identification:_identify(.) by extension 'colcon_pkg'
[2.027s] Level 1:colcon.colcon_core.package_identification:_identify(.) by extensions ['colcon_meta']
[2.027s] Level 1:colcon.colcon_core.package_identification:_identify(.) by extension 'colcon_meta'
[2.027s] Level 1:colcon.colcon_core.package_identification:_identify(.) by extensions ['ros']
[2.027s] Level 1:colcon.colcon_core.package_identification:_identify(.) by extension 'ros'
[2.064s] Level 1:colcon.colcon_core.package_identification:_identify(.) by extensions ['cmake', 'python']
[2.064s] Level 1:colcon.colcon_core.package_identification:_identify(.) by extension 'cmake'
[2.064s] Level 1:colcon.colcon_core.package_identification:_identify(.) by extension 'python'
[2.064s] Level 1:colcon.colcon_core.package_identification:_identify(.) by extensions ['python_setup_py']
[2.065s] Level 1:colcon.colcon_core.package_identification:_identify(.) by extension 'python_setup_py'
[2.066s] Level 1:colcon.colcon_core.package_identification:_identify(build) by extensions ['ignore', 'ignore_ament_install']
[2.066s] Level 1:colcon.colcon_core.package_identification:_identify(build) by extension 'ignore'
[2.066s] Level 1:colcon.colcon_core.package_identification:_identify(build) ignored
[2.068s] Level 1:colcon.colcon_core.package_identification:_identify(install) by extensions ['ignore', 'ignore_ament_install']
[2.068s] Level 1:colcon.colcon_core.package_identification:_identify(install) by extension 'ignore'
[2.068s] Level 1:colcon.colcon_core.package_identification:_identify(install) ignored
[2.068s] Level 1:colcon.colcon_core.package_identification:_identify(log) by extensions ['ignore', 'ignore_ament_install']
[2.068s] Level 1:colcon.colcon_core.package_identification:_identify(log) by extension 'ignore'
[2.068s] Level 1:colcon.colcon_core.package_identification:_identify(log) ignored
[2.069s] Level 1:colcon.colcon_core.package_identification:_identify(src) by extensions ['ignore', 'ignore_ament_install']
[2.069s] Level 1:colcon.colcon_core.package_identification:_identify(src) by extension 'ignore'
[2.070s] Level 1:colcon.colcon_core.package_identification:_identify(src) by extension 'ignore_ament_install'
[2.070s] Level 1:colcon.colcon_core.package_identification:_identify(src) by extensions ['colcon_pkg']
[2.070s] Level 1:colcon.colcon_core.package_identification:_identify(src) by extension 'colcon_pkg'
[2.070s] Level 1:colcon.colcon_core.package_identification:_identify(src) by extensions ['colcon_meta']
[2.070s] Level 1:colcon.colcon_core.package_identification:_identify(src) by extension 'colcon_meta'
[2.070s] Level 1:colcon.colcon_core.package_identification:_identify(src) by extensions ['ros']
[2.070s] Level 1:colcon.colcon_core.package_identification:_identify(src) by extension 'ros'
[2.070s] Level 1:colcon.colcon_core.package_identification:_identify(src) by extensions ['cmake', 'python']
[2.070s] Level 1:colcon.colcon_core.package_identification:_identify(src) by extension 'cmake'
[2.070s] Level 1:colcon.colcon_core.package_identification:_identify(src) by extension 'python'
[2.070s] Level 1:colcon.colcon_core.package_identification:_identify(src) by extensions ['python_setup_py']
[2.070s] Level 1:colcon.colcon_core.package_identification:_identify(src) by extension 'python_setup_py'
[2.071s] Level 1:colcon.colcon_core.package_identification:_identify(src/urdf_humble_test) by extensions ['ignore', 'ignore_ament_install']
[2.072s] Level 1:colcon.colcon_core.package_identification:_identify(src/urdf_humble_test) by extension 'ignore'
[2.072s] Level 1:colcon.colcon_core.package_identification:_identify(src/urdf_humble_test) by extension 'ignore_ament_install'
[2.072s] Level 1:colcon.colcon_core.package_identification:_identify(src/urdf_humble_test) by extensions ['colcon_pkg']
[2.072s] Level 1:colcon.colcon_core.package_identification:_identify(src/urdf_humble_test) by extension 'colcon_pkg'
[2.072s] Level 1:colcon.colcon_core.package_identification:_identify(src/urdf_humble_test) by extensions ['colcon_meta']
[2.072s] Level 1:colcon.colcon_core.package_identification:_identify(src/urdf_humble_test) by extension 'colcon_meta'
[2.072s] Level 1:colcon.colcon_core.package_identification:_identify(src/urdf_humble_test) by extensions ['ros']
[2.072s] Level 1:colcon.colcon_core.package_identification:_identify(src/urdf_humble_test) by extension 'ros'
[2.080s] DEBUG:colcon.colcon_core.package_identification:Package 'src/urdf_humble_test' with type 'ros.ament_cmake' and name 'urdf_humble_test'
[2.080s] Level 1:colcon.colcon_core.package_discovery:discover_packages(recursive) using defaults
[2.080s] Level 1:colcon.colcon_core.package_discovery:discover_packages(ignore) discover
[2.080s] Level 1:colcon.colcon_core.package_discovery:discover_packages(ignore) using defaults
[2.080s] Level 1:colcon.colcon_core.package_discovery:discover_packages(path) discover
[2.080s] Level 1:colcon.colcon_core.package_discovery:discover_packages(path) using defaults
[2.173s] Level 1:colcon.colcon_core.package_discovery:discover_packages(prefix_path) check parameters
[2.174s] Level 1:colcon.colcon_core.package_discovery:discover_packages(prefix_path) discover
[2.184s] DEBUG:colcon.colcon_installed_package_information.package_discovery:Found 1 installed packages in /home/shouviks/shouvik/19092025_urdf/ws_humble_urdf/install
[2.189s] DEBUG:colcon.colcon_installed_package_information.package_discovery:Found 271 installed packages in /opt/ros/humble
[2.193s] Level 1:colcon.colcon_core.package_discovery:discover_packages(prefix_path) using defaults
[2.420s] Level 5:colcon.colcon_core.verb:set package 'urdf_humble_test' build argument 'cmake_args' from command line to 'None'
[2.420s] Level 5:colcon.colcon_core.verb:set package 'urdf_humble_test' build argument 'cmake_target' from command line to 'None'
[2.420s] Level 5:colcon.colcon_core.verb:set package 'urdf_humble_test' build argument 'cmake_target_skip_unavailable' from command line to 'False'
[2.421s] Level 5:colcon.colcon_core.verb:set package 'urdf_humble_test' build argument 'cmake_clean_cache' from command line to 'False'
[2.421s] Level 5:colcon.colcon_core.verb:set package 'urdf_humble_test' build argument 'cmake_clean_first' from command line to 'False'
[2.421s] Level 5:colcon.colcon_core.verb:set package 'urdf_humble_test' build argument 'cmake_force_configure' from command line to 'False'
[2.421s] Level 5:colcon.colcon_core.verb:set package 'urdf_humble_test' build argument 'ament_cmake_args' from command line to 'None'
[2.421s] Level 5:colcon.colcon_core.verb:set package 'urdf_humble_test' build argument 'catkin_cmake_args' from command line to 'None'
[2.421s] Level 5:colcon.colcon_core.verb:set package 'urdf_humble_test' build argument 'catkin_skip_building_tests' from command line to 'False'
[2.421s] DEBUG:colcon.colcon_core.verb:Building package 'urdf_humble_test' with the following arguments: {'ament_cmake_args': None, 'build_base': '/home/shouviks/shouvik/19092025_urdf/ws_humble_urdf/build/urdf_humble_test', 'catkin_cmake_args': None, 'catkin_skip_building_tests': False, 'cmake_args': None, 'cmake_clean_cache': False, 'cmake_clean_first': False, 'cmake_force_configure': False, 'cmake_target': None, 'cmake_target_skip_unavailable': False, 'install_base': '/home/shouviks/shouvik/19092025_urdf/ws_humble_urdf/install/urdf_humble_test', 'merge_install': False, 'path': '/home/shouviks/shouvik/19092025_urdf/ws_humble_urdf/src/urdf_humble_test', 'symlink_install': False, 'test_result_base': None}
[2.421s] INFO:colcon.colcon_core.executor:Executing jobs using 'parallel' executor
[2.424s] DEBUG:colcon.colcon_parallel_executor.executor.parallel:run_until_complete
[2.425s] INFO:colcon.colcon_ros.task.ament_cmake.build:Building ROS package in '/home/shouviks/shouvik/19092025_urdf/ws_humble_urdf/src/urdf_humble_test' with build type 'ament_cmake'
[2.425s] INFO:colcon.colcon_cmake.task.cmake.build:Building CMake package in '/home/shouviks/shouvik/19092025_urdf/ws_humble_urdf/src/urdf_humble_test'
[2.440s] INFO:colcon.colcon_core.plugin_system:Skipping extension 'colcon_core.shell.bat': Not used on non-Windows systems
[2.440s] INFO:colcon.colcon_core.shell:Skip shell extension 'powershell' for command environment: Not usable outside of PowerShell
[2.440s] DEBUG:colcon.colcon_core.shell:Skip shell extension 'dsv' for command environment
[2.474s] DEBUG:colcon.colcon_core.event_handler.log_command:Invoking command in '/home/shouviks/shouvik/19092025_urdf/ws_humble_urdf/build/urdf_humble_test': CMAKE_PREFIX_PATH=${CMAKE_PREFIX_PATH}:/opt/ros/humble /usr/bin/cmake --build /home/shouviks/shouvik/19092025_urdf/ws_humble_urdf/build/urdf_humble_test -- -j16 -l16
[2.697s] DEBUG:colcon.colcon_core.event_handler.log_command:Invoked command in '/home/shouviks/shouvik/19092025_urdf/ws_humble_urdf/build/urdf_humble_test' returned '0': CMAKE_PREFIX_PATH=${CMAKE_PREFIX_PATH}:/opt/ros/humble /usr/bin/cmake --build /home/shouviks/shouvik/19092025_urdf/ws_humble_urdf/build/urdf_humble_test -- -j16 -l16
[2.726s] DEBUG:colcon.colcon_core.event_handler.log_command:Invoking command in '/home/shouviks/shouvik/19092025_urdf/ws_humble_urdf/build/urdf_humble_test': CMAKE_PREFIX_PATH=${CMAKE_PREFIX_PATH}:/opt/ros/humble /usr/bin/cmake --install /home/shouviks/shouvik/19092025_urdf/ws_humble_urdf/build/urdf_humble_test
[2.760s] Level 1:colcon.colcon_core.environment:create_environment_scripts_only(urdf_humble_test)
[2.761s] DEBUG:colcon.colcon_core.event_handler.log_command:Invoked command in '/home/shouviks/shouvik/19092025_urdf/ws_humble_urdf/build/urdf_humble_test' returned '0': CMAKE_PREFIX_PATH=${CMAKE_PREFIX_PATH}:/opt/ros/humble /usr/bin/cmake --install /home/shouviks/shouvik/19092025_urdf/ws_humble_urdf/build/urdf_humble_test
[2.778s] Level 1:colcon.colcon_core.environment:checking '/home/shouviks/shouvik/19092025_urdf/ws_humble_urdf/install/urdf_humble_test' for CMake module files
[2.780s] Level 1:colcon.colcon_core.environment:checking '/home/shouviks/shouvik/19092025_urdf/ws_humble_urdf/install/urdf_humble_test' for CMake config files
[2.787s] Level 1:colcon.colcon_core.shell:create_environment_hook('urdf_humble_test', 'cmake_prefix_path')
[2.787s] INFO:colcon.colcon_core.shell:Creating environment hook '/home/shouviks/shouvik/19092025_urdf/ws_humble_urdf/install/urdf_humble_test/share/urdf_humble_test/hook/cmake_prefix_path.ps1'
[2.790s] INFO:colcon.colcon_core.shell:Creating environment descriptor '/home/shouviks/shouvik/19092025_urdf/ws_humble_urdf/install/urdf_humble_test/share/urdf_humble_test/hook/cmake_prefix_path.dsv'
[2.792s] INFO:colcon.colcon_core.shell:Creating environment hook '/home/shouviks/shouvik/19092025_urdf/ws_humble_urdf/install/urdf_humble_test/share/urdf_humble_test/hook/cmake_prefix_path.sh'
[2.795s] Level 1:colcon.colcon_core.environment:checking '/home/shouviks/shouvik/19092025_urdf/ws_humble_urdf/install/urdf_humble_test/bin'
[2.795s] Level 1:colcon.colcon_core.environment:checking '/home/shouviks/shouvik/19092025_urdf/ws_humble_urdf/install/urdf_humble_test/lib/pkgconfig/urdf_humble_test.pc'
[2.795s] Level 1:colcon.colcon_core.environment:checking '/home/shouviks/shouvik/19092025_urdf/ws_humble_urdf/install/urdf_humble_test/lib/python3.10/site-packages'
[2.796s] Level 1:colcon.colcon_core.environment:checking '/home/shouviks/shouvik/19092025_urdf/ws_humble_urdf/install/urdf_humble_test/bin'
[2.796s] INFO:colcon.colcon_core.shell:Creating package script '/home/shouviks/shouvik/19092025_urdf/ws_humble_urdf/install/urdf_humble_test/share/urdf_humble_test/package.ps1'
[2.798s] INFO:colcon.colcon_core.shell:Creating package descriptor '/home/shouviks/shouvik/19092025_urdf/ws_humble_urdf/install/urdf_humble_test/share/urdf_humble_test/package.dsv'
[2.800s] INFO:colcon.colcon_core.shell:Creating package script '/home/shouviks/shouvik/19092025_urdf/ws_humble_urdf/install/urdf_humble_test/share/urdf_humble_test/package.sh'
[2.803s] INFO:colcon.colcon_core.shell:Creating package script '/home/shouviks/shouvik/19092025_urdf/ws_humble_urdf/install/urdf_humble_test/share/urdf_humble_test/package.bash'
[2.805s] INFO:colcon.colcon_core.shell:Creating package script '/home/shouviks/shouvik/19092025_urdf/ws_humble_urdf/install/urdf_humble_test/share/urdf_humble_test/package.zsh'
[2.807s] Level 1:colcon.colcon_core.environment:create_file_with_runtime_dependencies(/home/shouviks/shouvik/19092025_urdf/ws_humble_urdf/install/urdf_humble_test/share/colcon-core/packages/urdf_humble_test)
[2.809s] Level 1:colcon.colcon_core.environment:create_environment_scripts_only(urdf_humble_test)
[2.809s] Level 1:colcon.colcon_core.environment:checking '/home/shouviks/shouvik/19092025_urdf/ws_humble_urdf/install/urdf_humble_test' for CMake module files
[2.810s] Level 1:colcon.colcon_core.environment:checking '/home/shouviks/shouvik/19092025_urdf/ws_humble_urdf/install/urdf_humble_test' for CMake config files
[2.811s] Level 1:colcon.colcon_core.shell:create_environment_hook('urdf_humble_test', 'cmake_prefix_path')
[2.811s] INFO:colcon.colcon_core.shell:Creating environment hook '/home/shouviks/shouvik/19092025_urdf/ws_humble_urdf/install/urdf_humble_test/share/urdf_humble_test/hook/cmake_prefix_path.ps1'
[2.812s] INFO:colcon.colcon_core.shell:Creating environment descriptor '/home/shouviks/shouvik/19092025_urdf/ws_humble_urdf/install/urdf_humble_test/share/urdf_humble_test/hook/cmake_prefix_path.dsv'
[2.813s] INFO:colcon.colcon_core.shell:Creating environment hook '/home/shouviks/shouvik/19092025_urdf/ws_humble_urdf/install/urdf_humble_test/share/urdf_humble_test/hook/cmake_prefix_path.sh'
[2.814s] Level 1:colcon.colcon_core.environment:checking '/home/shouviks/shouvik/19092025_urdf/ws_humble_urdf/install/urdf_humble_test/bin'
[2.814s] Level 1:colcon.colcon_core.environment:checking '/home/shouviks/shouvik/19092025_urdf/ws_humble_urdf/install/urdf_humble_test/lib/pkgconfig/urdf_humble_test.pc'
[2.815s] Level 1:colcon.colcon_core.environment:checking '/home/shouviks/shouvik/19092025_urdf/ws_humble_urdf/install/urdf_humble_test/lib/python3.10/site-packages'
[2.815s] Level 1:colcon.colcon_core.environment:checking '/home/shouviks/shouvik/19092025_urdf/ws_humble_urdf/install/urdf_humble_test/bin'
[2.816s] INFO:colcon.colcon_core.shell:Creating package script '/home/shouviks/shouvik/19092025_urdf/ws_humble_urdf/install/urdf_humble_test/share/urdf_humble_test/package.ps1'
[2.816s] INFO:colcon.colcon_core.shell:Creating package descriptor '/home/shouviks/shouvik/19092025_urdf/ws_humble_urdf/install/urdf_humble_test/share/urdf_humble_test/package.dsv'
[2.818s] INFO:colcon.colcon_core.shell:Creating package script '/home/shouviks/shouvik/19092025_urdf/ws_humble_urdf/install/urdf_humble_test/share/urdf_humble_test/package.sh'
[2.819s] INFO:colcon.colcon_core.shell:Creating package script '/home/shouviks/shouvik/19092025_urdf/ws_humble_urdf/install/urdf_humble_test/share/urdf_humble_test/package.bash'
[2.820s] INFO:colcon.colcon_core.shell:Creating package script '/home/shouviks/shouvik/19092025_urdf/ws_humble_urdf/install/urdf_humble_test/share/urdf_humble_test/package.zsh'
[2.821s] Level 1:colcon.colcon_core.environment:create_file_with_runtime_dependencies(/home/shouviks/shouvik/19092025_urdf/ws_humble_urdf/install/urdf_humble_test/share/colcon-core/packages/urdf_humble_test)
[2.822s] DEBUG:colcon.colcon_parallel_executor.executor.parallel:closing loop
[2.824s] DEBUG:colcon.colcon_parallel_executor.executor.parallel:loop closed
[2.824s] DEBUG:colcon.colcon_parallel_executor.executor.parallel:run_until_complete finished with '0'
[2.824s] DEBUG:colcon.colcon_core.event_reactor:joining thread
[3.088s] INFO:colcon.colcon_core.plugin_system:Skipping extension 'colcon_notification.desktop_notification.notify_send': Could not find 'notify-send'
[3.089s] INFO:colcon.colcon_core.plugin_system:Skipping extension 'colcon_notification.desktop_notification.terminal_notifier': Not used on non-Darwin systems
[3.089s] INFO:colcon.colcon_core.plugin_system:Skipping extension 'colcon_notification.desktop_notification.win32': Not used on non-Windows systems
[3.089s] INFO:colcon.colcon_notification.desktop_notification:Sending desktop notification using 'notify2'
[3.089s] DEBUG:colcon.colcon_notification.desktop_notification.notify2:Failed to initialize notify2: org.freedesktop.DBus.Error.FileNotFound: Failed to connect to socket /run/user/1000/bus: No such file or directory
[3.090s] DEBUG:colcon.colcon_core.event_reactor:joined thread
[3.090s] INFO:colcon.colcon_core.shell:Creating prefix script '/home/shouviks/shouvik/19092025_urdf/ws_humble_urdf/install/local_setup.ps1'
[3.103s] INFO:colcon.colcon_core.shell:Creating prefix util module '/home/shouviks/shouvik/19092025_urdf/ws_humble_urdf/install/_local_setup_util_ps1.py'
[3.106s] INFO:colcon.colcon_core.shell:Creating prefix chain script '/home/shouviks/shouvik/19092025_urdf/ws_humble_urdf/install/setup.ps1'
[3.109s] INFO:colcon.colcon_core.shell:Creating prefix script '/home/shouviks/shouvik/19092025_urdf/ws_humble_urdf/install/local_setup.sh'
[3.111s] INFO:colcon.colcon_core.shell:Creating prefix util module '/home/shouviks/shouvik/19092025_urdf/ws_humble_urdf/install/_local_setup_util_sh.py'
[3.113s] INFO:colcon.colcon_core.shell:Creating prefix chain script '/home/shouviks/shouvik/19092025_urdf/ws_humble_urdf/install/setup.sh'
[3.116s] INFO:colcon.colcon_core.shell:Creating prefix script '/home/shouviks/shouvik/19092025_urdf/ws_humble_urdf/install/local_setup.bash'
[3.118s] INFO:colcon.colcon_core.shell:Creating prefix chain script '/home/shouviks/shouvik/19092025_urdf/ws_humble_urdf/install/setup.bash'
[3.120s] INFO:colcon.colcon_core.shell:Creating prefix script '/home/shouviks/shouvik/19092025_urdf/ws_humble_urdf/install/local_setup.zsh'
[3.122s] INFO:colcon.colcon_core.shell:Creating prefix chain script '/home/shouviks/shouvik/19092025_urdf/ws_humble_urdf/install/setup.zsh'
