[0.225s] DEBUG:colcon:Command line arguments: ['/usr/bin/colcon', 'build', '--symlink-install', '--packages-select', 'demo_robot']
[0.226s] DEBUG:colcon:Parsed command line arguments: Namespace(log_base=None, log_level=None, verb_name='build', build_base='build', install_base='install', merge_install=False, symlink_install=True, test_result_base=None, continue_on_error=False, executor='parallel', parallel_workers=16, event_handlers=None, ignore_user_meta=False, metas=['./colcon.meta'], base_paths=['.'], packages_ignore=None, packages_ignore_regex=None, paths=None, packages_up_to=None, packages_up_to_regex=None, packages_above=None, packages_above_and_dependencies=None, packages_above_depth=None, packages_select_by_dep=None, packages_skip_by_dep=None, packages_skip_up_to=None, packages_select_build_failed=False, packages_skip_build_finished=False, packages_select_test_failures=False, packages_skip_test_passed=False, packages_select=['demo_robot'], packages_skip=None, packages_select_regex=None, packages_skip_regex=None, packages_start=None, packages_end=None, allow_overriding=[], cmake_args=None, cmake_target=None, cmake_target_skip_unavailable=False, cmake_clean_cache=False, cmake_clean_first=False, cmake_force_configure=False, ament_cmake_args=None, catkin_cmake_args=None, catkin_skip_building_tests=False, mixin_files=None, mixin=None, verb_parser=<colcon_mixin.mixin.mixin_argument.MixinArgumentDecorator object at 0x7743ec761360>, verb_extension=<colcon_core.verb.build.BuildVerb object at 0x7743ec760d90>, main=<bound method BuildVerb.main of <colcon_core.verb.build.BuildVerb object at 0x7743ec760d90>>, mixin_verb=('build',))
[0.374s] Level 1:colcon.colcon_core.package_discovery:discover_packages(colcon_meta) check parameters
[0.374s] Level 1:colcon.colcon_core.package_discovery:discover_packages(recursive) check parameters
[0.374s] Level 1:colcon.colcon_core.package_discovery:discover_packages(ignore) check parameters
[0.374s] Level 1:colcon.colcon_core.package_discovery:discover_packages(path) check parameters
[0.374s] Level 1:colcon.colcon_core.package_discovery:discover_packages(colcon_meta) discover
[0.374s] Level 1:colcon.colcon_core.package_discovery:discover_packages(recursive) discover
[0.374s] INFO:colcon.colcon_core.package_discovery:Crawling recursively for packages in '/home/shouviks/shouvik/Day5/demo_ws/src'
[0.374s] Level 1:colcon.colcon_core.package_identification:_identify(.) by extensions ['ignore', 'ignore_ament_install']
[0.374s] Level 1:colcon.colcon_core.package_identification:_identify(.) by extension 'ignore'
[0.374s] Level 1:colcon.colcon_core.package_identification:_identify(.) by extension 'ignore_ament_install'
[0.375s] Level 1:colcon.colcon_core.package_identification:_identify(.) by extensions ['colcon_pkg']
[0.375s] Level 1:colcon.colcon_core.package_identification:_identify(.) by extension 'colcon_pkg'
[0.375s] Level 1:colcon.colcon_core.package_identification:_identify(.) by extensions ['colcon_meta']
[0.375s] Level 1:colcon.colcon_core.package_identification:_identify(.) by extension 'colcon_meta'
[0.375s] Level 1:colcon.colcon_core.package_identification:_identify(.) by extensions ['ros']
[0.375s] Level 1:colcon.colcon_core.package_identification:_identify(.) by extension 'ros'
[0.386s] Level 1:colcon.colcon_core.package_identification:_identify(.) by extensions ['cmake', 'python']
[0.386s] Level 1:colcon.colcon_core.package_identification:_identify(.) by extension 'cmake'
[0.386s] Level 1:colcon.colcon_core.package_identification:_identify(.) by extension 'python'
[0.386s] Level 1:colcon.colcon_core.package_identification:_identify(.) by extensions ['python_setup_py']
[0.386s] Level 1:colcon.colcon_core.package_identification:_identify(.) by extension 'python_setup_py'
[0.386s] Level 1:colcon.colcon_core.package_identification:_identify(build) by extensions ['ignore', 'ignore_ament_install']
[0.386s] Level 1:colcon.colcon_core.package_identification:_identify(build) by extension 'ignore'
[0.386s] Level 1:colcon.colcon_core.package_identification:_identify(build) ignored
[0.387s] Level 1:colcon.colcon_core.package_identification:_identify(demo_robot) by extensions ['ignore', 'ignore_ament_install']
[0.387s] Level 1:colcon.colcon_core.package_identification:_identify(demo_robot) by extension 'ignore'
[0.387s] Level 1:colcon.colcon_core.package_identification:_identify(demo_robot) by extension 'ignore_ament_install'
[0.387s] Level 1:colcon.colcon_core.package_identification:_identify(demo_robot) by extensions ['colcon_pkg']
[0.387s] Level 1:colcon.colcon_core.package_identification:_identify(demo_robot) by extension 'colcon_pkg'
[0.387s] Level 1:colcon.colcon_core.package_identification:_identify(demo_robot) by extensions ['colcon_meta']
[0.387s] Level 1:colcon.colcon_core.package_identification:_identify(demo_robot) by extension 'colcon_meta'
[0.387s] Level 1:colcon.colcon_core.package_identification:_identify(demo_robot) by extensions ['ros']
[0.387s] Level 1:colcon.colcon_core.package_identification:_identify(demo_robot) by extension 'ros'
[0.389s] DEBUG:colcon.colcon_core.package_identification:Package 'demo_robot' with type 'ros.ament_cmake' and name 'demo_robot'
[0.389s] Level 1:colcon.colcon_core.package_identification:_identify(install) by extensions ['ignore', 'ignore_ament_install']
[0.389s] Level 1:colcon.colcon_core.package_identification:_identify(install) by extension 'ignore'
[0.389s] Level 1:colcon.colcon_core.package_identification:_identify(install) ignored
[0.389s] Level 1:colcon.colcon_core.package_identification:_identify(log) by extensions ['ignore', 'ignore_ament_install']
[0.389s] Level 1:colcon.colcon_core.package_identification:_identify(log) by extension 'ignore'
[0.389s] Level 1:colcon.colcon_core.package_identification:_identify(log) ignored
[0.389s] Level 1:colcon.colcon_core.package_discovery:discover_packages(recursive) using defaults
[0.389s] Level 1:colcon.colcon_core.package_discovery:discover_packages(ignore) discover
[0.389s] Level 1:colcon.colcon_core.package_discovery:discover_packages(ignore) using defaults
[0.389s] Level 1:colcon.colcon_core.package_discovery:discover_packages(path) discover
[0.389s] Level 1:colcon.colcon_core.package_discovery:discover_packages(path) using defaults
[0.418s] Level 1:colcon.colcon_core.package_discovery:discover_packages(prefix_path) check parameters
[0.418s] Level 1:colcon.colcon_core.package_discovery:discover_packages(prefix_path) discover
[0.421s] DEBUG:colcon.colcon_installed_package_information.package_discovery:Found 1 installed packages in /home/shouviks/shouvik/Day5/demo_ws/src/install
[0.421s] DEBUG:colcon.colcon_installed_package_information.package_discovery:Found 1 installed packages in /home/shouviks/shouvik/Day5/demo_ws/install
[0.423s] DEBUG:colcon.colcon_installed_package_information.package_discovery:Found 274 installed packages in /opt/ros/humble
[0.424s] Level 1:colcon.colcon_core.package_discovery:discover_packages(prefix_path) using defaults
[0.456s] Level 5:colcon.colcon_core.verb:set package 'demo_robot' build argument 'cmake_args' from command line to 'None'
[0.456s] Level 5:colcon.colcon_core.verb:set package 'demo_robot' build argument 'cmake_target' from command line to 'None'
[0.456s] Level 5:colcon.colcon_core.verb:set package 'demo_robot' build argument 'cmake_target_skip_unavailable' from command line to 'False'
[0.456s] Level 5:colcon.colcon_core.verb:set package 'demo_robot' build argument 'cmake_clean_cache' from command line to 'False'
[0.456s] Level 5:colcon.colcon_core.verb:set package 'demo_robot' build argument 'cmake_clean_first' from command line to 'False'
[0.456s] Level 5:colcon.colcon_core.verb:set package 'demo_robot' build argument 'cmake_force_configure' from command line to 'False'
[0.456s] Level 5:colcon.colcon_core.verb:set package 'demo_robot' build argument 'ament_cmake_args' from command line to 'None'
[0.456s] Level 5:colcon.colcon_core.verb:set package 'demo_robot' build argument 'catkin_cmake_args' from command line to 'None'
[0.456s] Level 5:colcon.colcon_core.verb:set package 'demo_robot' build argument 'catkin_skip_building_tests' from command line to 'False'
[0.456s] DEBUG:colcon.colcon_core.verb:Building package 'demo_robot' with the following arguments: {'ament_cmake_args': None, 'build_base': '/home/shouviks/shouvik/Day5/demo_ws/src/build/demo_robot', 'catkin_cmake_args': None, 'catkin_skip_building_tests': False, 'cmake_args': None, 'cmake_clean_cache': False, 'cmake_clean_first': False, 'cmake_force_configure': False, 'cmake_target': None, 'cmake_target_skip_unavailable': False, 'install_base': '/home/shouviks/shouvik/Day5/demo_ws/src/install/demo_robot', 'merge_install': False, 'path': '/home/shouviks/shouvik/Day5/demo_ws/src/demo_robot', 'symlink_install': True, 'test_result_base': None}
[0.456s] INFO:colcon.colcon_core.executor:Executing jobs using 'parallel' executor
[0.458s] DEBUG:colcon.colcon_parallel_executor.executor.parallel:run_until_complete
[0.458s] INFO:colcon.colcon_ros.task.ament_cmake.build:Building ROS package in '/home/shouviks/shouvik/Day5/demo_ws/src/demo_robot' with build type 'ament_cmake'
[0.458s] INFO:colcon.colcon_cmake.task.cmake.build:Building CMake package in '/home/shouviks/shouvik/Day5/demo_ws/src/demo_robot'
[0.460s] INFO:colcon.colcon_core.plugin_system:Skipping extension 'colcon_core.shell.bat': Not used on non-Windows systems
[0.460s] INFO:colcon.colcon_core.shell:Skip shell extension 'powershell' for command environment: Not usable outside of PowerShell
[0.460s] DEBUG:colcon.colcon_core.shell:Skip shell extension 'dsv' for command environment
[0.472s] DEBUG:colcon.colcon_core.event_handler.log_command:Invoking command in '/home/shouviks/shouvik/Day5/demo_ws/src/build/demo_robot': CMAKE_PREFIX_PATH=${CMAKE_PREFIX_PATH}:/opt/ros/humble /usr/bin/cmake --build /home/shouviks/shouvik/Day5/demo_ws/src/build/demo_robot -- -j16 -l16
[9.231s] DEBUG:colcon.colcon_core.event_handler.log_command:Invoked command in '/home/shouviks/shouvik/Day5/demo_ws/src/build/demo_robot' returned '0': CMAKE_PREFIX_PATH=${CMAKE_PREFIX_PATH}:/opt/ros/humble /usr/bin/cmake --build /home/shouviks/shouvik/Day5/demo_ws/src/build/demo_robot -- -j16 -l16
[9.242s] DEBUG:colcon.colcon_core.event_handler.log_command:Invoking command in '/home/shouviks/shouvik/Day5/demo_ws/src/build/demo_robot': CMAKE_PREFIX_PATH=${CMAKE_PREFIX_PATH}:/opt/ros/humble /usr/bin/cmake --install /home/shouviks/shouvik/Day5/demo_ws/src/build/demo_robot
[9.283s] Level 1:colcon.colcon_core.environment:create_environment_scripts_only(demo_robot)
[9.284s] DEBUG:colcon.colcon_core.event_handler.log_command:Invoked command in '/home/shouviks/shouvik/Day5/demo_ws/src/build/demo_robot' returned '0': CMAKE_PREFIX_PATH=${CMAKE_PREFIX_PATH}:/opt/ros/humble /usr/bin/cmake --install /home/shouviks/shouvik/Day5/demo_ws/src/build/demo_robot
[9.285s] Level 1:colcon.colcon_core.environment:checking '/home/shouviks/shouvik/Day5/demo_ws/src/install/demo_robot' for CMake module files
[9.286s] Level 1:colcon.colcon_core.environment:checking '/home/shouviks/shouvik/Day5/demo_ws/src/install/demo_robot' for CMake config files
[9.289s] Level 1:colcon.colcon_core.shell:create_environment_hook('demo_robot', 'cmake_prefix_path')
[9.289s] INFO:colcon.colcon_core.shell:Creating environment hook '/home/shouviks/shouvik/Day5/demo_ws/src/install/demo_robot/share/demo_robot/hook/cmake_prefix_path.ps1'
[9.290s] INFO:colcon.colcon_core.shell:Creating environment descriptor '/home/shouviks/shouvik/Day5/demo_ws/src/install/demo_robot/share/demo_robot/hook/cmake_prefix_path.dsv'
[9.290s] INFO:colcon.colcon_core.shell:Creating environment hook '/home/shouviks/shouvik/Day5/demo_ws/src/install/demo_robot/share/demo_robot/hook/cmake_prefix_path.sh'
[9.291s] Level 1:colcon.colcon_core.environment:checking '/home/shouviks/shouvik/Day5/demo_ws/src/install/demo_robot/lib'
[9.291s] Level 1:colcon.colcon_core.environment:checking '/home/shouviks/shouvik/Day5/demo_ws/src/install/demo_robot/bin'
[9.291s] Level 1:colcon.colcon_core.environment:checking '/home/shouviks/shouvik/Day5/demo_ws/src/install/demo_robot/lib/pkgconfig/demo_robot.pc'
[9.292s] Level 1:colcon.colcon_core.environment:checking '/home/shouviks/shouvik/Day5/demo_ws/src/install/demo_robot/lib/python3.10/site-packages'
[9.292s] Level 1:colcon.colcon_core.environment:checking '/home/shouviks/shouvik/Day5/demo_ws/src/install/demo_robot/bin'
[9.292s] INFO:colcon.colcon_core.shell:Creating package script '/home/shouviks/shouvik/Day5/demo_ws/src/install/demo_robot/share/demo_robot/package.ps1'
[9.293s] INFO:colcon.colcon_core.shell:Creating package descriptor '/home/shouviks/shouvik/Day5/demo_ws/src/install/demo_robot/share/demo_robot/package.dsv'
[9.293s] INFO:colcon.colcon_core.shell:Creating package script '/home/shouviks/shouvik/Day5/demo_ws/src/install/demo_robot/share/demo_robot/package.sh'
[9.294s] INFO:colcon.colcon_core.shell:Creating package script '/home/shouviks/shouvik/Day5/demo_ws/src/install/demo_robot/share/demo_robot/package.bash'
[9.294s] INFO:colcon.colcon_core.shell:Creating package script '/home/shouviks/shouvik/Day5/demo_ws/src/install/demo_robot/share/demo_robot/package.zsh'
[9.295s] Level 1:colcon.colcon_core.environment:create_file_with_runtime_dependencies(/home/shouviks/shouvik/Day5/demo_ws/src/install/demo_robot/share/colcon-core/packages/demo_robot)
[9.296s] Level 1:colcon.colcon_core.environment:create_environment_scripts_only(demo_robot)
[9.296s] Level 1:colcon.colcon_core.environment:checking '/home/shouviks/shouvik/Day5/demo_ws/src/install/demo_robot' for CMake module files
[9.296s] Level 1:colcon.colcon_core.environment:checking '/home/shouviks/shouvik/Day5/demo_ws/src/install/demo_robot' for CMake config files
[9.297s] Level 1:colcon.colcon_core.shell:create_environment_hook('demo_robot', 'cmake_prefix_path')
[9.297s] INFO:colcon.colcon_core.shell:Creating environment hook '/home/shouviks/shouvik/Day5/demo_ws/src/install/demo_robot/share/demo_robot/hook/cmake_prefix_path.ps1'
[9.297s] INFO:colcon.colcon_core.shell:Creating environment descriptor '/home/shouviks/shouvik/Day5/demo_ws/src/install/demo_robot/share/demo_robot/hook/cmake_prefix_path.dsv'
[9.297s] INFO:colcon.colcon_core.shell:Creating environment hook '/home/shouviks/shouvik/Day5/demo_ws/src/install/demo_robot/share/demo_robot/hook/cmake_prefix_path.sh'
[9.298s] Level 1:colcon.colcon_core.environment:checking '/home/shouviks/shouvik/Day5/demo_ws/src/install/demo_robot/lib'
[9.298s] Level 1:colcon.colcon_core.environment:checking '/home/shouviks/shouvik/Day5/demo_ws/src/install/demo_robot/bin'
[9.298s] Level 1:colcon.colcon_core.environment:checking '/home/shouviks/shouvik/Day5/demo_ws/src/install/demo_robot/lib/pkgconfig/demo_robot.pc'
[9.298s] Level 1:colcon.colcon_core.environment:checking '/home/shouviks/shouvik/Day5/demo_ws/src/install/demo_robot/lib/python3.10/site-packages'
[9.298s] Level 1:colcon.colcon_core.environment:checking '/home/shouviks/shouvik/Day5/demo_ws/src/install/demo_robot/bin'
[9.298s] INFO:colcon.colcon_core.shell:Creating package script '/home/shouviks/shouvik/Day5/demo_ws/src/install/demo_robot/share/demo_robot/package.ps1'
[9.299s] INFO:colcon.colcon_core.shell:Creating package descriptor '/home/shouviks/shouvik/Day5/demo_ws/src/install/demo_robot/share/demo_robot/package.dsv'
[9.299s] INFO:colcon.colcon_core.shell:Creating package script '/home/shouviks/shouvik/Day5/demo_ws/src/install/demo_robot/share/demo_robot/package.sh'
[9.299s] INFO:colcon.colcon_core.shell:Creating package script '/home/shouviks/shouvik/Day5/demo_ws/src/install/demo_robot/share/demo_robot/package.bash'
[9.300s] INFO:colcon.colcon_core.shell:Creating package script '/home/shouviks/shouvik/Day5/demo_ws/src/install/demo_robot/share/demo_robot/package.zsh'
[9.300s] Level 1:colcon.colcon_core.environment:create_file_with_runtime_dependencies(/home/shouviks/shouvik/Day5/demo_ws/src/install/demo_robot/share/colcon-core/packages/demo_robot)
[9.301s] DEBUG:colcon.colcon_parallel_executor.executor.parallel:closing loop
[9.301s] DEBUG:colcon.colcon_parallel_executor.executor.parallel:loop closed
[9.301s] DEBUG:colcon.colcon_parallel_executor.executor.parallel:run_until_complete finished with '0'
[9.301s] DEBUG:colcon.colcon_core.event_reactor:joining thread
[9.371s] INFO:colcon.colcon_core.plugin_system:Skipping extension 'colcon_notification.desktop_notification.notify_send': Could not find 'notify-send'
[9.371s] INFO:colcon.colcon_core.plugin_system:Skipping extension 'colcon_notification.desktop_notification.terminal_notifier': Not used on non-Darwin systems
[9.371s] INFO:colcon.colcon_core.plugin_system:Skipping extension 'colcon_notification.desktop_notification.win32': Not used on non-Windows systems
[9.371s] INFO:colcon.colcon_notification.desktop_notification:Sending desktop notification using 'notify2'
[9.371s] DEBUG:colcon.colcon_notification.desktop_notification.notify2:Failed to initialize notify2: org.freedesktop.DBus.Error.FileNotFound: Failed to connect to socket /run/user/1000/bus: No such file or directory
[9.372s] DEBUG:colcon.colcon_core.event_reactor:joined thread
[9.372s] INFO:colcon.colcon_core.shell:Creating prefix script '/home/shouviks/shouvik/Day5/demo_ws/src/install/local_setup.ps1'
[9.373s] INFO:colcon.colcon_core.shell:Creating prefix util module '/home/shouviks/shouvik/Day5/demo_ws/src/install/_local_setup_util_ps1.py'
[9.374s] INFO:colcon.colcon_core.shell:Creating prefix chain script '/home/shouviks/shouvik/Day5/demo_ws/src/install/setup.ps1'
[9.375s] INFO:colcon.colcon_core.shell:Creating prefix script '/home/shouviks/shouvik/Day5/demo_ws/src/install/local_setup.sh'
[9.376s] INFO:colcon.colcon_core.shell:Creating prefix util module '/home/shouviks/shouvik/Day5/demo_ws/src/install/_local_setup_util_sh.py'
[9.376s] INFO:colcon.colcon_core.shell:Creating prefix chain script '/home/shouviks/shouvik/Day5/demo_ws/src/install/setup.sh'
[9.377s] INFO:colcon.colcon_core.shell:Creating prefix script '/home/shouviks/shouvik/Day5/demo_ws/src/install/local_setup.bash'
[9.377s] INFO:colcon.colcon_core.shell:Creating prefix chain script '/home/shouviks/shouvik/Day5/demo_ws/src/install/setup.bash'
[9.378s] INFO:colcon.colcon_core.shell:Creating prefix script '/home/shouviks/shouvik/Day5/demo_ws/src/install/local_setup.zsh'
[9.379s] INFO:colcon.colcon_core.shell:Creating prefix chain script '/home/shouviks/shouvik/Day5/demo_ws/src/install/setup.zsh'
