[0.025s] Invoking command in '/home/shouviks/shouvik/Day5/demo_ws/build/demo_robot': CMAKE_PREFIX_PATH=/opt/ros/humble /usr/bin/cmake /home/shouviks/shouvik/Day5/demo_ws/src/demo_robot -DAMENT_CMAKE_SYMLINK_INSTALL=1 -DCMAKE_INSTALL_PREFIX=/home/shouviks/shouvik/Day5/demo_ws/install/demo_robot
[0.384s] -- The C compiler identification is GNU 11.4.0
[1.244s] -- The CXX compiler identification is GNU 11.4.0
[1.849s] -- Detecting C compiler ABI info
[2.083s] -- Detecting C compiler ABI info - done
[2.089s] -- Check for working C compiler: /usr/bin/cc - skipped
[2.090s] -- Detecting C compile features
[2.091s] -- Detecting C compile features - done
[2.095s] -- Detecting CXX compiler ABI info
[2.328s] -- Detecting CXX compiler ABI info - done
[2.333s] -- Check for working CXX compiler: /usr/bin/c++ - skipped
[2.334s] -- Detecting CXX compile features
[2.334s] -- Detecting CXX compile features - done
[2.350s] -- Found ament_cmake: 1.3.12 (/opt/ros/humble/share/ament_cmake/cmake)
[2.506s] -- Found Python3: /usr/bin/python3 (found version "3.10.12") found components: Interpreter 
[2.581s] -- Override CMake install command with custom implementation using symlinks instead of copying resources
[2.627s] -- Found tf2_ros: 0.25.16 (/opt/ros/humble/share/tf2_ros/cmake)
[2.884s] -- Found rosidl_generator_c: 3.1.7 (/opt/ros/humble/share/rosidl_generator_c/cmake)
[2.893s] -- Found rosidl_adapter: 3.1.7 (/opt/ros/humble/share/rosidl_adapter/cmake)
[2.907s] -- Found rosidl_generator_cpp: 3.1.7 (/opt/ros/humble/share/rosidl_generator_cpp/cmake)
[2.929s] -- Using all available rosidl_typesupport_c: rosidl_typesupport_fastrtps_c;rosidl_typesupport_introspection_c
[2.952s] -- Using all available rosidl_typesupport_cpp: rosidl_typesupport_fastrtps_cpp;rosidl_typesupport_introspection_cpp
[3.076s] -- Found rmw_implementation_cmake: 6.1.2 (/opt/ros/humble/share/rmw_implementation_cmake/cmake)
[3.080s] -- Found rmw_fastrtps_cpp: 6.2.8 (/opt/ros/humble/share/rmw_fastrtps_cpp/cmake)
[5.107s] -- Found OpenSSL: /usr/lib/x86_64-linux-gnu/libcrypto.so (found version "3.0.2")  
[7.284s] -- Found FastRTPS: /opt/ros/humble/include  
[11.153s] -- Using RMW implementation 'rmw_fastrtps_cpp' as default
[11.181s] -- Looking for pthread.h
[11.458s] -- Looking for pthread.h - found
[11.458s] -- Performing Test CMAKE_HAVE_LIBC_PTHREAD
[11.679s] -- Performing Test CMAKE_HAVE_LIBC_PTHREAD - Success
[11.680s] -- Found Threads: TRUE  
[13.827s] [31mCMake Error at CMakeLists.txt:15 (find_package):
[13.827s]   By not providing "Findtf2_geometry.cmake" in CMAKE_MODULE_PATH this project
[13.827s]   has asked CMake to find a package configuration file provided by
[13.827s]   "tf2_geometry", but CMake did not find one.
[13.827s] 
[13.827s]   Could not find a package configuration file provided by "tf2_geometry" with
[13.827s]   any of the following names:
[13.827s] 
[13.827s]     tf2_geometryConfig.cmake
[13.828s]     tf2_geometry-config.cmake
[13.828s] 
[13.828s]   Add the installation prefix of "tf2_geometry" to CMAKE_PREFIX_PATH or set
[13.828s]   "tf2_geometry_DIR" to a directory containing one of the above files.  If
[13.828s]   "tf2_geometry" provides a separate development package or SDK, be sure it
[13.828s]   has been installed.
[13.828s] 
[13.828s] [0m
[13.828s] -- Configuring incomplete, errors occurred!
[13.828s] See also "/home/shouviks/shouvik/Day5/demo_ws/build/demo_robot/CMakeFiles/CMakeOutput.log".
[13.839s] Invoked command in '/home/shouviks/shouvik/Day5/demo_ws/build/demo_robot' returned '1': CMAKE_PREFIX_PATH=/opt/ros/humble /usr/bin/cmake /home/shouviks/shouvik/Day5/demo_ws/src/demo_robot -DAMENT_CMAKE_SYMLINK_INSTALL=1 -DCMAKE_INSTALL_PREFIX=/home/shouviks/shouvik/Day5/demo_ws/install/demo_robot
